Archive member included to satisfy reference by file (symbol)

d:/stm32_ide_x64/stm32_ide/eclipse/plugins/fr.ac6.mcu.externaltools.arm-none.win32_1.15.0.201708311556/tools/compiler/bin/../lib/gcc/arm-none-eabi/6.3.1/../../../../arm-none-eabi/lib/thumb/v7e-m/fpv4-sp/hard\libc_nano.a(lib_a-exit.o)
                              d:/stm32_ide_x64/stm32_ide/eclipse/plugins/fr.ac6.mcu.externaltools.arm-none.win32_1.15.0.201708311556/tools/compiler/bin/../lib/gcc/arm-none-eabi/6.3.1/../../../../arm-none-eabi/lib/thumb/v7e-m/fpv4-sp/hard/crt0.o (exit)
d:/stm32_ide_x64/stm32_ide/eclipse/plugins/fr.ac6.mcu.externaltools.arm-none.win32_1.15.0.201708311556/tools/compiler/bin/../lib/gcc/arm-none-eabi/6.3.1/../../../../arm-none-eabi/lib/thumb/v7e-m/fpv4-sp/hard\libc_nano.a(lib_a-impure.o)
                              d:/stm32_ide_x64/stm32_ide/eclipse/plugins/fr.ac6.mcu.externaltools.arm-none.win32_1.15.0.201708311556/tools/compiler/bin/../lib/gcc/arm-none-eabi/6.3.1/../../../../arm-none-eabi/lib/thumb/v7e-m/fpv4-sp/hard\libc_nano.a(lib_a-exit.o) (_global_impure_ptr)
d:/stm32_ide_x64/stm32_ide/eclipse/plugins/fr.ac6.mcu.externaltools.arm-none.win32_1.15.0.201708311556/tools/compiler/bin/../lib/gcc/arm-none-eabi/6.3.1/../../../../arm-none-eabi/lib/thumb/v7e-m/fpv4-sp/hard\libc_nano.a(lib_a-init.o)
                              d:/stm32_ide_x64/stm32_ide/eclipse/plugins/fr.ac6.mcu.externaltools.arm-none.win32_1.15.0.201708311556/tools/compiler/bin/../lib/gcc/arm-none-eabi/6.3.1/../../../../arm-none-eabi/lib/thumb/v7e-m/fpv4-sp/hard/crt0.o (__libc_init_array)
d:/stm32_ide_x64/stm32_ide/eclipse/plugins/fr.ac6.mcu.externaltools.arm-none.win32_1.15.0.201708311556/tools/compiler/bin/../lib/gcc/arm-none-eabi/6.3.1/../../../../arm-none-eabi/lib/thumb/v7e-m/fpv4-sp/hard\libc_nano.a(lib_a-memset.o)
                              d:/stm32_ide_x64/stm32_ide/eclipse/plugins/fr.ac6.mcu.externaltools.arm-none.win32_1.15.0.201708311556/tools/compiler/bin/../lib/gcc/arm-none-eabi/6.3.1/../../../../arm-none-eabi/lib/thumb/v7e-m/fpv4-sp/hard/crt0.o (memset)
d:/stm32_ide_x64/stm32_ide/eclipse/plugins/fr.ac6.mcu.externaltools.arm-none.win32_1.15.0.201708311556/tools/compiler/bin/../lib/gcc/arm-none-eabi/6.3.1/../../../../arm-none-eabi/lib/thumb/v7e-m/fpv4-sp/hard\libnosys.a(_exit.o)
                              d:/stm32_ide_x64/stm32_ide/eclipse/plugins/fr.ac6.mcu.externaltools.arm-none.win32_1.15.0.201708311556/tools/compiler/bin/../lib/gcc/arm-none-eabi/6.3.1/../../../../arm-none-eabi/lib/thumb/v7e-m/fpv4-sp/hard\libc_nano.a(lib_a-exit.o) (_exit)

Allocating common symbols
Common symbol       size              file

hspi5               0x58              Src/spi.o
htim4               0x3c              Src/tim.o
uwTick              0x4               Drivers/STM32F4xx_HAL_Driver/Src/stm32f4xx_hal.o
pFlash              0x20              Drivers/STM32F4xx_HAL_Driver/Src/stm32f4xx_hal_flash.o
hspi4               0x58              Src/spi.o

Discarded input sections

 .text          0x00000000        0x0 d:/stm32_ide_x64/stm32_ide/eclipse/plugins/fr.ac6.mcu.externaltools.arm-none.win32_1.15.0.201708311556/tools/compiler/bin/../lib/gcc/arm-none-eabi/6.3.1/thumb/v7e-m/fpv4-sp/hard/crti.o
 .data          0x00000000        0x0 d:/stm32_ide_x64/stm32_ide/eclipse/plugins/fr.ac6.mcu.externaltools.arm-none.win32_1.15.0.201708311556/tools/compiler/bin/../lib/gcc/arm-none-eabi/6.3.1/thumb/v7e-m/fpv4-sp/hard/crti.o
 .bss           0x00000000        0x0 d:/stm32_ide_x64/stm32_ide/eclipse/plugins/fr.ac6.mcu.externaltools.arm-none.win32_1.15.0.201708311556/tools/compiler/bin/../lib/gcc/arm-none-eabi/6.3.1/thumb/v7e-m/fpv4-sp/hard/crti.o
 .data          0x00000000        0x4 d:/stm32_ide_x64/stm32_ide/eclipse/plugins/fr.ac6.mcu.externaltools.arm-none.win32_1.15.0.201708311556/tools/compiler/bin/../lib/gcc/arm-none-eabi/6.3.1/thumb/v7e-m/fpv4-sp/hard/crtbegin.o
 .text          0x00000000       0x74 d:/stm32_ide_x64/stm32_ide/eclipse/plugins/fr.ac6.mcu.externaltools.arm-none.win32_1.15.0.201708311556/tools/compiler/bin/../lib/gcc/arm-none-eabi/6.3.1/../../../../arm-none-eabi/lib/thumb/v7e-m/fpv4-sp/hard/crt0.o
 .data          0x00000000        0x0 d:/stm32_ide_x64/stm32_ide/eclipse/plugins/fr.ac6.mcu.externaltools.arm-none.win32_1.15.0.201708311556/tools/compiler/bin/../lib/gcc/arm-none-eabi/6.3.1/../../../../arm-none-eabi/lib/thumb/v7e-m/fpv4-sp/hard/crt0.o
 .bss           0x00000000        0x0 d:/stm32_ide_x64/stm32_ide/eclipse/plugins/fr.ac6.mcu.externaltools.arm-none.win32_1.15.0.201708311556/tools/compiler/bin/../lib/gcc/arm-none-eabi/6.3.1/../../../../arm-none-eabi/lib/thumb/v7e-m/fpv4-sp/hard/crt0.o
 .ARM.extab     0x00000000        0x0 d:/stm32_ide_x64/stm32_ide/eclipse/plugins/fr.ac6.mcu.externaltools.arm-none.win32_1.15.0.201708311556/tools/compiler/bin/../lib/gcc/arm-none-eabi/6.3.1/../../../../arm-none-eabi/lib/thumb/v7e-m/fpv4-sp/hard/crt0.o
[...]
Memory Configuration

Name             Origin             Length             Attributes
RAM              0x20000000         0x00030000         xrw
CCMRAM           0x10000000         0x00010000         rw
FLASH            0x08000000         0x00200000         xr
*default*        0x00000000         0xffffffff

Linker script and memory map

LOAD d:/stm32_ide_x64/stm32_ide/eclipse/plugins/fr.ac6.mcu.externaltools.arm-none.win32_1.15.0.201708311556/tools/compiler/bin/../lib/gcc/arm-none-eabi/6.3.1/thumb/v7e-m/fpv4-sp/hard/crti.o
LOAD d:/stm32_ide_x64/stm32_ide/eclipse/plugins/fr.ac6.mcu.externaltools.arm-none.win32_1.15.0.201708311556/tools/compiler/bin/../lib/gcc/arm-none-eabi/6.3.1/thumb/v7e-m/fpv4-sp/hard/crtbegin.o
LOAD d:/stm32_ide_x64/stm32_ide/eclipse/plugins/fr.ac6.mcu.externaltools.arm-none.win32_1.15.0.201708311556/tools/compiler/bin/../lib/gcc/arm-none-eabi/6.3.1/../../../../arm-none-eabi/lib/thumb/v7e-m/fpv4-sp/hard/crt0.o
LOAD Drivers/STM32F4xx_HAL_Driver/Src/stm32f4xx_hal.o
LOAD Drivers/STM32F4xx_HAL_Driver/Src/stm32f4xx_hal_cortex.o
LOAD Drivers/STM32F4xx_HAL_Driver/Src/stm32f4xx_hal_dma.o
LOAD Drivers/STM32F4xx_HAL_Driver/Src/stm32f4xx_hal_dma_ex.o
LOAD Drivers/STM32F4xx_HAL_Driver/Src/stm32f4xx_hal_flash.o
LOAD Drivers/STM32F4xx_HAL_Driver/Src/stm32f4xx_hal_flash_ex.o
LOAD Drivers/STM32F4xx_HAL_Driver/Src/stm32f4xx_hal_flash_ramfunc.o
LOAD Drivers/STM32F4xx_HAL_Driver/Src/stm32f4xx_hal_gpio.o
LOAD Drivers/STM32F4xx_HAL_Driver/Src/stm32f4xx_hal_pwr.o
LOAD Drivers/STM32F4xx_HAL_Driver/Src/stm32f4xx_hal_pwr_ex.o
LOAD Drivers/STM32F4xx_HAL_Driver/Src/stm32f4xx_hal_rcc.o
LOAD Drivers/STM32F4xx_HAL_Driver/Src/stm32f4xx_hal_rcc_ex.o
LOAD Drivers/STM32F4xx_HAL_Driver/Src/stm32f4xx_hal_spi.o
LOAD Drivers/STM32F4xx_HAL_Driver/Src/stm32f4xx_hal_tim.o
LOAD Drivers/STM32F4xx_HAL_Driver/Src/stm32f4xx_hal_tim_ex.o
LOAD Src/gpio.o
LOAD Src/ili9341.o
LOAD Src/main.o
LOAD Src/spi.o
LOAD Src/stm32f4xx_hal_msp.o
LOAD Src/stm32f4xx_it.o
LOAD Src/system_stm32f4xx.o
LOAD Src/tim.o
LOAD Src/tracks_driver.o
LOAD startup/startup_stm32f429xx.o
LOAD d:/stm32_ide_x64/stm32_ide/eclipse/plugins/fr.ac6.mcu.externaltools.arm-none.win32_1.15.0.201708311556/tools/compiler/bin/../lib/gcc/arm-none-eabi/6.3.1/../../../../arm-none-eabi/lib/thumb/v7e-m/fpv4-sp/hard\libm.a
START GROUP
LOAD d:/stm32_ide_x64/stm32_ide/eclipse/plugins/fr.ac6.mcu.externaltools.arm-none.win32_1.15.0.201708311556/tools/compiler/bin/../lib/gcc/arm-none-eabi/6.3.1/thumb/v7e-m/fpv4-sp/hard\libgcc.a
LOAD d:/stm32_ide_x64/stm32_ide/eclipse/plugins/fr.ac6.mcu.externaltools.arm-none.win32_1.15.0.201708311556/tools/compiler/bin/../lib/gcc/arm-none-eabi/6.3.1/../../../../arm-none-eabi/lib/thumb/v7e-m/fpv4-sp/hard\libc_nano.a
END GROUP
START GROUP
LOAD d:/stm32_ide_x64/stm32_ide/eclipse/plugins/fr.ac6.mcu.externaltools.arm-none.win32_1.15.0.201708311556/tools/compiler/bin/../lib/gcc/arm-none-eabi/6.3.1/thumb/v7e-m/fpv4-sp/hard\libgcc.a
LOAD d:/stm32_ide_x64/stm32_ide/eclipse/plugins/fr.ac6.mcu.externaltools.arm-none.win32_1.15.0.201708311556/tools/compiler/bin/../lib/gcc/arm-none-eabi/6.3.1/../../../../arm-none-eabi/lib/thumb/v7e-m/fpv4-sp/hard\libc_nano.a
LOAD d:/stm32_ide_x64/stm32_ide/eclipse/plugins/fr.ac6.mcu.externaltools.arm-none.win32_1.15.0.201708311556/tools/compiler/bin/../lib/gcc/arm-none-eabi/6.3.1/../../../../arm-none-eabi/lib/thumb/v7e-m/fpv4-sp/hard\libnosys.a
END GROUP
START GROUP
LOAD d:/stm32_ide_x64/stm32_ide/eclipse/plugins/fr.ac6.mcu.externaltools.arm-none.win32_1.15.0.201708311556/tools/compiler/bin/../lib/gcc/arm-none-eabi/6.3.1/thumb/v7e-m/fpv4-sp/hard\libgcc.a
LOAD d:/stm32_ide_x64/stm32_ide/eclipse/plugins/fr.ac6.mcu.externaltools.arm-none.win32_1.15.0.201708311556/tools/compiler/bin/../lib/gcc/arm-none-eabi/6.3.1/../../../../arm-none-eabi/lib/thumb/v7e-m/fpv4-sp/hard\libc_nano.a
LOAD d:/stm32_ide_x64/stm32_ide/eclipse/plugins/fr.ac6.mcu.externaltools.arm-none.win32_1.15.0.201708311556/tools/compiler/bin/../lib/gcc/arm-none-eabi/6.3.1/../../../../arm-none-eabi/lib/thumb/v7e-m/fpv4-sp/hard\libnosys.a
END GROUP
LOAD d:/stm32_ide_x64/stm32_ide/eclipse/plugins/fr.ac6.mcu.externaltools.arm-none.win32_1.15.0.201708311556/tools/compiler/bin/../lib/gcc/arm-none-eabi/6.3.1/thumb/v7e-m/fpv4-sp/hard/crtend.o
LOAD d:/stm32_ide_x64/stm32_ide/eclipse/plugins/fr.ac6.mcu.externaltools.arm-none.win32_1.15.0.201708311556/tools/compiler/bin/../lib/gcc/arm-none-eabi/6.3.1/thumb/v7e-m/fpv4-sp/hard/crtn.o
                0x20030000                _estack = 0x20030000
                0x00000200                _Min_Heap_Size = 0x200
                0x00000400                _Min_Stack_Size = 0x400

.isr_vector     0x08000000      0x1ac
                0x08000000                . = ALIGN (0x4)
 *(.isr_vector)
 .isr_vector    0x08000000      0x1ac startup/startup_stm32f429xx.o
                0x08000000                g_pfnVectors
                0x080001ac                . = ALIGN (0x4)

.text           0x080001ac     0x26cc
                0x080001ac                . = ALIGN (0x4)
 *(.text)
 .text          0x080001ac       0x6c d:/stm32_ide_x64/stm32_ide/eclipse/plugins/fr.ac6.mcu.externaltools.arm-none.win32_1.15.0.201708311556/tools/compiler/bin/../lib/gcc/arm-none-eabi/6.3.1/thumb/v7e-m/fpv4-sp/hard/crtbegin.o
 *(.text*)
 .text.HAL_InitTick
                0x08000218       0x2c Drivers/STM32F4xx_HAL_Driver/Src/stm32f4xx_hal.o
                0x08000218                HAL_InitTick
 .text.HAL_Init
                0x08000244       0x34 Drivers/STM32F4xx_HAL_Driver/Src/stm32f4xx_hal.o
                0x08000244                HAL_Init
 .text.HAL_IncTick
                0x08000278       0x10 Drivers/STM32F4xx_HAL_Driver/Src/stm32f4xx_hal.o
                0x08000278                HAL_IncTick
 .text.HAL_GetTick
                0x08000288        0xc Drivers/STM32F4xx_HAL_Driver/Src/stm32f4xx_hal.o
                0x08000288                HAL_GetTick
 .text.HAL_Delay
                0x08000294       0x1c Drivers/STM32F4xx_HAL_Driver/Src/stm32f4xx_hal.o
                0x08000294                HAL_Delay
 .text.HAL_NVIC_SetPriorityGrouping
                0x080002b0       0x24 Drivers/STM32F4xx_HAL_Driver/Src/stm32f4xx_hal_cortex.o
                0x080002b0                HAL_NVIC_SetPriorityGrouping
 .text.HAL_NVIC_SetPriority
                0x080002d4       0x64 Drivers/STM32F4xx_HAL_Driver/Src/stm32f4xx_hal_cortex.o
                0x080002d4                HAL_NVIC_SetPriority
 .text.HAL_NVIC_EnableIRQ
                0x08000338       0x18 Drivers/STM32F4xx_HAL_Driver/Src/stm32f4xx_hal_cortex.o
                0x08000338                HAL_NVIC_EnableIRQ
 .text.HAL_SYSTICK_Config
                0x08000350       0x2c Drivers/STM32F4xx_HAL_Driver/Src/stm32f4xx_hal_cortex.o
                0x08000350                HAL_SYSTICK_Config
 .text.HAL_SYSTICK_CLKSourceConfig
                0x0800037c       0x20 Drivers/STM32F4xx_HAL_Driver/Src/stm32f4xx_hal_cortex.o
                0x0800037c                HAL_SYSTICK_CLKSourceConfig
 .text.HAL_SYSTICK_Callback
                0x0800039c        0x2 Drivers/STM32F4xx_HAL_Driver/Src/stm32f4xx_hal_cortex.o
                0x0800039c                HAL_SYSTICK_Callback
 .text.HAL_SYSTICK_IRQHandler
                0x0800039e        0x8 Drivers/STM32F4xx_HAL_Driver/Src/stm32f4xx_hal_cortex.o
                0x0800039e                HAL_SYSTICK_IRQHandler
 .text.HAL_DMA_Abort_IT
                0x080003a6       0x26 Drivers/STM32F4xx_HAL_Driver/Src/stm32f4xx_hal_dma.o
                0x080003a6                HAL_DMA_Abort_IT
 .text.HAL_GPIO_Init
                0x080003cc      0x1e4 Drivers/STM32F4xx_HAL_Driver/Src/stm32f4xx_hal_gpio.o
                0x080003cc                HAL_GPIO_Init
 .text.HAL_GPIO_WritePin
                0x080005b0        0xc Drivers/STM32F4xx_HAL_Driver/Src/stm32f4xx_hal_gpio.o
                0x080005b0                HAL_GPIO_WritePin
 .text.HAL_GPIO_TogglePin
                0x080005bc        0x8 Drivers/STM32F4xx_HAL_Driver/Src/stm32f4xx_hal_gpio.o
                0x080005bc                HAL_GPIO_TogglePin
 .text.HAL_PWREx_EnableOverDrive
                0x080005c4       0xa0 Drivers/STM32F4xx_HAL_Driver/Src/stm32f4xx_hal_pwr_ex.o
                0x080005c4                HAL_PWREx_EnableOverDrive
 .text.HAL_RCC_OscConfig
                0x08000664      0x344 Drivers/STM32F4xx_HAL_Driver/Src/stm32f4xx_hal_rcc.o
                0x08000664                HAL_RCC_OscConfig
 .text.HAL_RCC_GetSysClockFreq
                0x080009a8       0x94 Drivers/STM32F4xx_HAL_Driver/Src/stm32f4xx_hal_rcc.o
                0x080009a8                HAL_RCC_GetSysClockFreq
 .text.HAL_RCC_ClockConfig
                0x08000a3c      0x19c Drivers/STM32F4xx_HAL_Driver/Src/stm32f4xx_hal_rcc.o
                0x08000a3c                HAL_RCC_ClockConfig
 .text.HAL_RCC_GetHCLKFreq
                0x08000bd8        0xc Drivers/STM32F4xx_HAL_Driver/Src/stm32f4xx_hal_rcc.o
                0x08000bd8                HAL_RCC_GetHCLKFreq
 .text.SPI_WaitFlagStateUntilTimeout
                0x08000be4       0x96 Drivers/STM32F4xx_HAL_Driver/Src/stm32f4xx_hal_spi.o
 .text.SPI_CheckFlag_BSY
                0x08000c7a       0x26 Drivers/STM32F4xx_HAL_Driver/Src/stm32f4xx_hal_spi.o
 .text.HAL_SPI_Init
                0x08000ca0       0x80 Drivers/STM32F4xx_HAL_Driver/Src/stm32f4xx_hal_spi.o
                0x08000ca0                HAL_SPI_Init
 .text.HAL_SPI_Transmit
                0x08000d20      0x1ac Drivers/STM32F4xx_HAL_Driver/Src/stm32f4xx_hal_spi.o
                0x08000d20                HAL_SPI_Transmit
 .text.HAL_SPI_ErrorCallback
                0x08000ecc        0x2 Drivers/STM32F4xx_HAL_Driver/Src/stm32f4xx_hal_spi.o
                0x08000ecc                HAL_SPI_ErrorCallback
 *fill*         0x08000ece        0x2 
 .text.HAL_SPI_IRQHandler
                0x08000ed0      0x104 Drivers/STM32F4xx_HAL_Driver/Src/stm32f4xx_hal_spi.o
                0x08000ed0                HAL_SPI_IRQHandler
 .text.SPI_DMAAbortOnError
                0x08000fd4       0x10 Drivers/STM32F4xx_HAL_Driver/Src/stm32f4xx_hal_spi.o
 .text.TIM_OC1_SetConfig
                0x08000fe4       0x64 Drivers/STM32F4xx_HAL_Driver/Src/stm32f4xx_hal_tim.o
 .text.TIM_OC3_SetConfig
                0x08001048       0x6c Drivers/STM32F4xx_HAL_Driver/Src/stm32f4xx_hal_tim.o
 .text.TIM_OC4_SetConfig
                0x080010b4       0x5c Drivers/STM32F4xx_HAL_Driver/Src/stm32f4xx_hal_tim.o
 .text.TIM_TI1_ConfigInputStage
                0x08001110       0x26 Drivers/STM32F4xx_HAL_Driver/Src/stm32f4xx_hal_tim.o
 .text.TIM_TI2_ConfigInputStage
                0x08001136       0x28 Drivers/STM32F4xx_HAL_Driver/Src/stm32f4xx_hal_tim.o
 .text.TIM_ITRx_SetConfig
                0x0800115e       0x10 Drivers/STM32F4xx_HAL_Driver/Src/stm32f4xx_hal_tim.o
 .text.TIM_ETR_SetConfig
                0x0800116e       0x18 Drivers/STM32F4xx_HAL_Driver/Src/stm32f4xx_hal_tim.o
 .text.HAL_TIM_Base_Start
                0x08001186       0x1a Drivers/STM32F4xx_HAL_Driver/Src/stm32f4xx_hal_tim.o
                0x08001186                HAL_TIM_Base_Start
 .text.HAL_TIM_PWM_MspInit
                0x080011a0        0x2 Drivers/STM32F4xx_HAL_Driver/Src/stm32f4xx_hal_tim.o
                0x080011a0                HAL_TIM_PWM_MspInit
 .text.HAL_TIM_ConfigClockSource
                0x080011a2      0x108 Drivers/STM32F4xx_HAL_Driver/Src/stm32f4xx_hal_tim.o
                0x080011a2                HAL_TIM_ConfigClockSource
 *fill*         0x080012aa        0x2 
 .text.TIM_Base_SetConfig
                0x080012ac      0x11c Drivers/STM32F4xx_HAL_Driver/Src/stm32f4xx_hal_tim.o
                0x080012ac                TIM_Base_SetConfig
 .text.HAL_TIM_Base_Init
                0x080013c8       0x32 Drivers/STM32F4xx_HAL_Driver/Src/stm32f4xx_hal_tim.o
                0x080013c8                HAL_TIM_Base_Init
 .text.HAL_TIM_PWM_Init
                0x080013fa       0x32 Drivers/STM32F4xx_HAL_Driver/Src/stm32f4xx_hal_tim.o
                0x080013fa                HAL_TIM_PWM_Init
 .text.TIM_OC2_SetConfig
                0x0800142c       0x70 Drivers/STM32F4xx_HAL_Driver/Src/stm32f4xx_hal_tim.o
                0x0800142c                TIM_OC2_SetConfig
 .text.HAL_TIM_PWM_ConfigChannel
                0x0800149c       0xdc Drivers/STM32F4xx_HAL_Driver/Src/stm32f4xx_hal_tim.o
                0x0800149c                HAL_TIM_PWM_ConfigChannel
 .text.TIM_CCxChannelCmd
                0x08001578       0x1e Drivers/STM32F4xx_HAL_Driver/Src/stm32f4xx_hal_tim.o
                0x08001578                TIM_CCxChannelCmd
 *fill*         0x08001596        0x2 
 .text.HAL_TIM_PWM_Start
                0x08001598       0x44 Drivers/STM32F4xx_HAL_Driver/Src/stm32f4xx_hal_tim.o
                0x08001598                HAL_TIM_PWM_Start
 .text.HAL_TIMEx_MasterConfigSynchronization
                0x080015dc       0x52 Drivers/STM32F4xx_HAL_Driver/Src/stm32f4xx_hal_tim_ex.o
                0x080015dc                HAL_TIMEx_MasterConfigSynchronization
 *fill*         0x0800162e        0x2 
 .text.MX_GPIO_Init
                0x08001630      0x388 Src/gpio.o
                0x08001630                MX_GPIO_Init
 .text.TFT_write
                0x080019b8       0x48 Src/ili9341.o
                0x080019b8                TFT_write
 .text.TFT_write_word
                0x08001a00       0x60 Src/ili9341.o
                0x08001a00                TFT_write_word
 .text.TFT_on_off
                0x08001a60       0x1c Src/ili9341.o
                0x08001a60                TFT_on_off
 .text.TFT_set_rotation
                0x08001a7c       0x74 Src/ili9341.o
                0x08001a7c                TFT_set_rotation
 .text.TFT_init
                0x08001af0      0x304 Src/ili9341.o
                0x08001af0                TFT_init
 .text.TFT_set_display_window
                0x08001df4       0x44 Src/ili9341.o
                0x08001df4                TFT_set_display_window
 .text.TFT_fill
                0x08001e38       0x34 Src/ili9341.o
                0x08001e38                TFT_fill
 .text.Draw_Font_Pixel
                0x08001e6c       0x34 Src/ili9341.o
                0x08001e6c                Draw_Font_Pixel
 .text.print_char
                0x08001ea0       0x88 Src/ili9341.o
                0x08001ea0                print_char
 .text.print_str
                0x08001f28       0x42 Src/ili9341.o
                0x08001f28                print_str
 *fill*         0x08001f6a        0x2 
 .text.Itoa     0x08001f6c       0xf4 Src/ili9341.o
                0x08001f6c                Itoa
 .text.Error_Handler
                0x08002060        0x2 Src/main.o
                0x08002060                Error_Handler
 *fill*         0x08002062        0x2 
 .text.SystemClock_Config
                0x08002064       0xc0 Src/main.o
                0x08002064                SystemClock_Config
 .text.main     0x08002124      0x188 Src/main.o
                0x08002124                main
 .text.MX_SPI4_Init
                0x080022ac       0x38 Src/spi.o
                0x080022ac                MX_SPI4_Init
 .text.MX_SPI5_Init
                0x080022e4       0x44 Src/spi.o
                0x080022e4                MX_SPI5_Init
 .text.HAL_SPI_MspInit
                0x08002328       0xa4 Src/spi.o
                0x08002328                HAL_SPI_MspInit
 .text.HAL_MspInit
                0x080023cc       0x5e Src/stm32f4xx_hal_msp.o
                0x080023cc                HAL_MspInit
 .text.SysTick_Handler
                0x0800242a        0xc Src/stm32f4xx_it.o
                0x0800242a                SysTick_Handler
 *fill*         0x08002436        0x2 
 .text.SPI4_IRQHandler
                0x08002438       0x10 Src/stm32f4xx_it.o
                0x08002438                SPI4_IRQHandler
 .text.SystemInit
                0x08002448       0x4c Src/system_stm32f4xx.o
                0x08002448                SystemInit
 .text.HAL_TIM_Base_MspInit
                0x08002494       0x30 Src/tim.o
                0x08002494                HAL_TIM_Base_MspInit
 .text.HAL_TIM_MspPostInit
                0x080024c4       0x38 Src/tim.o
                0x080024c4                HAL_TIM_MspPostInit
 .text.MX_TIM4_Init
                0x080024fc       0xd4 Src/tim.o
                0x080024fc                MX_TIM4_Init
 .text.set_fl_track_dc
                0x080025d0        0xc Src/tracks_driver.o
                0x080025d0                set_fl_track_dc
 .text.set_fr_track_dc
                0x080025dc        0xc Src/tracks_driver.o
                0x080025dc                set_fr_track_dc
 .text.set_rl_track_dc
                0x080025e8        0xc Src/tracks_driver.o
                0x080025e8                set_rl_track_dc
 .text.set_rr_track_dc
                0x080025f4        0xc Src/tracks_driver.o
                0x080025f4                set_rr_track_dc
 .text.fl_track_forward
                0x08002600       0x28 Src/tracks_driver.o
                0x08002600                fl_track_forward
 .text.fl_track_backward
                0x08002628       0x28 Src/tracks_driver.o
                0x08002628                fl_track_backward
 .text.fr_track_forward
                0x08002650       0x28 Src/tracks_driver.o
                0x08002650                fr_track_forward
 .text.fr_track_backward
                0x08002678       0x28 Src/tracks_driver.o
                0x08002678                fr_track_backward
 .text.rl_track_forward
                0x080026a0       0x28 Src/tracks_driver.o
                0x080026a0                rl_track_forward
 .text.rl_track_backward
                0x080026c8       0x28 Src/tracks_driver.o
                0x080026c8                rl_track_backward
 .text.rr_track_forward
                0x080026f0       0x2c Src/tracks_driver.o
                0x080026f0                rr_track_forward
 .text.rr_track_backward
                0x0800271c       0x2c Src/tracks_driver.o
                0x0800271c                rr_track_backward
 .text.stop_tracks
                0x08002748       0x7c Src/tracks_driver.o
                0x08002748                stop_tracks
 .text.Reset_Handler
                0x080027c4       0x50 startup/startup_stm32f429xx.o
                0x080027c4                Reset_Handler
 .text.Default_Handler
                0x08002814        0x2 startup/startup_stm32f429xx.o
                0x08002814                RTC_Alarm_IRQHandler
                0x08002814                HASH_RNG_IRQHandler
                0x08002814                EXTI2_IRQHandler
                0x08002814                TIM8_CC_IRQHandler
                0x08002814                DebugMon_Handler
                0x08002814                UART8_IRQHandler
                0x08002814                TIM1_CC_IRQHandler
                0x08002814                DMA2_Stream5_IRQHandler
                0x08002814                HardFault_Handler
                0x08002814                DMA1_Stream5_IRQHandler
                0x08002814                PVD_IRQHandler
                0x08002814                SDIO_IRQHandler
                0x08002814                TAMP_STAMP_IRQHandler
                0x08002814                PendSV_Handler
                0x08002814                NMI_Handler
                0x08002814                CAN2_RX1_IRQHandler
                0x08002814                EXTI3_IRQHandler
                0x08002814                TIM8_TRG_COM_TIM14_IRQHandler
                0x08002814                TIM1_UP_TIM10_IRQHandler
                0x08002814                TIM8_UP_TIM13_IRQHandler
                0x08002814                I2C3_ER_IRQHandler
                0x08002814                EXTI0_IRQHandler
                0x08002814                I2C2_EV_IRQHandler
                0x08002814                DMA1_Stream2_IRQHandler
                0x08002814                CAN1_RX0_IRQHandler
                0x08002814                FPU_IRQHandler
                0x08002814                OTG_HS_WKUP_IRQHandler
                0x08002814                UsageFault_Handler
                0x08002814                LTDC_ER_IRQHandler
                0x08002814                CAN2_SCE_IRQHandler
                0x08002814                DMA2_Stream2_IRQHandler
                0x08002814                SPI1_IRQHandler
                0x08002814                TIM6_DAC_IRQHandler
                0x08002814                TIM1_BRK_TIM9_IRQHandler
                0x08002814                DCMI_IRQHandler
                0x08002814                CAN2_RX0_IRQHandler
                0x08002814                DMA2_Stream3_IRQHandler
                0x08002814                USART6_IRQHandler
                0x08002814                USART3_IRQHandler
                0x08002814                CAN1_RX1_IRQHandler
                0x08002814                UART5_IRQHandler
                0x08002814                DMA2_Stream0_IRQHandler
                0x08002814                TIM4_IRQHandler
                0x08002814                I2C1_EV_IRQHandler
                0x08002814                DMA1_Stream6_IRQHandler
                0x08002814                DMA1_Stream1_IRQHandler
                0x08002814                UART4_IRQHandler
                0x08002814                TIM3_IRQHandler
                0x08002814                RCC_IRQHandler
                0x08002814                TIM8_BRK_TIM12_IRQHandler
                0x08002814                Default_Handler
                0x08002814                EXTI15_10_IRQHandler
                0x08002814                ADC_IRQHandler
                0x08002814                DMA1_Stream7_IRQHandler
                0x08002814                SPI5_IRQHandler
                0x08002814                TIM7_IRQHandler
                0x08002814                CAN2_TX_IRQHandler
                0x08002814                TIM5_IRQHandler
                0x08002814                DMA2_Stream7_IRQHandler
                0x08002814                I2C3_EV_IRQHandler
                0x08002814                EXTI9_5_IRQHandler
                0x08002814                RTC_WKUP_IRQHandler
                0x08002814                LTDC_IRQHandler
                0x08002814                ETH_WKUP_IRQHandler
                0x08002814                SPI2_IRQHandler
                0x08002814                OTG_HS_EP1_IN_IRQHandler
                0x08002814                MemManage_Handler
                0x08002814                DMA1_Stream0_IRQHandler
                0x08002814                CAN1_TX_IRQHandler
                0x08002814                SVC_Handler
                0x08002814                EXTI4_IRQHandler
                0x08002814                ETH_IRQHandler
                0x08002814                OTG_HS_EP1_OUT_IRQHandler
                0x08002814                WWDG_IRQHandler
                0x08002814                SPI6_IRQHandler
                0x08002814                TIM2_IRQHandler
                0x08002814                OTG_FS_WKUP_IRQHandler
                0x08002814                TIM1_TRG_COM_TIM11_IRQHandler
                0x08002814                OTG_HS_IRQHandler
                0x08002814                DMA2D_IRQHandler
                0x08002814                EXTI1_IRQHandler
                0x08002814                UART7_IRQHandler
                0x08002814                USART2_IRQHandler
                0x08002814                I2C2_ER_IRQHandler
                0x08002814                DMA2_Stream1_IRQHandler
                0x08002814                CAN1_SCE_IRQHandler
                0x08002814                FLASH_IRQHandler
                0x08002814                DMA2_Stream4_IRQHandler
                0x08002814                BusFault_Handler
                0x08002814                USART1_IRQHandler
                0x08002814                OTG_FS_IRQHandler
                0x08002814                SPI3_IRQHandler
                0x08002814                DMA1_Stream4_IRQHandler
                0x08002814                I2C1_ER_IRQHandler
                0x08002814                FMC_IRQHandler
                0x08002814                DMA2_Stream6_IRQHandler
                0x08002814                SAI1_IRQHandler
                0x08002814                DMA1_Stream3_IRQHandler
 *fill*         0x08002816        0x2 
 .text.__libc_init_array
                0x08002818       0x48 d:/stm32_ide_x64/stm32_ide/eclipse/plugins/fr.ac6.mcu.externaltools.arm-none.win32_1.15.0.201708311556/tools/compiler/bin/../lib/gcc/arm-none-eabi/6.3.1/../../../../arm-none-eabi/lib/thumb/v7e-m/fpv4-sp/hard\libc_nano.a(lib_a-init.o)
                0x08002818                __libc_init_array
 *(.glue_7)
 .glue_7        0x08002860        0x0 linker stubs
 *(.glue_7t)
 .glue_7t       0x08002860        0x0 linker stubs
 *(.eh_frame)
 .eh_frame      0x08002860        0x0 d:/stm32_ide_x64/stm32_ide/eclipse/plugins/fr.ac6.mcu.externaltools.arm-none.win32_1.15.0.201708311556/tools/compiler/bin/../lib/gcc/arm-none-eabi/6.3.1/thumb/v7e-m/fpv4-sp/hard/crtbegin.o
 *(.init)
 .init          0x08002860        0x4 d:/stm32_ide_x64/stm32_ide/eclipse/plugins/fr.ac6.mcu.externaltools.arm-none.win32_1.15.0.201708311556/tools/compiler/bin/../lib/gcc/arm-none-eabi/6.3.1/thumb/v7e-m/fpv4-sp/hard/crti.o
                0x08002860                _init
 .init          0x08002864        0x8 d:/stm32_ide_x64/stm32_ide/eclipse/plugins/fr.ac6.mcu.externaltools.arm-none.win32_1.15.0.201708311556/tools/compiler/bin/../lib/gcc/arm-none-eabi/6.3.1/thumb/v7e-m/fpv4-sp/hard/crtn.o
 *(.fini)
 .fini          0x0800286c        0x4 d:/stm32_ide_x64/stm32_ide/eclipse/plugins/fr.ac6.mcu.externaltools.arm-none.win32_1.15.0.201708311556/tools/compiler/bin/../lib/gcc/arm-none-eabi/6.3.1/thumb/v7e-m/fpv4-sp/hard/crti.o
                0x0800286c                _fini
 .fini          0x08002870        0x8 d:/stm32_ide_x64/stm32_ide/eclipse/plugins/fr.ac6.mcu.externaltools.arm-none.win32_1.15.0.201708311556/tools/compiler/bin/../lib/gcc/arm-none-eabi/6.3.1/thumb/v7e-m/fpv4-sp/hard/crtn.o
                0x08002878                . = ALIGN (0x4)
                0x08002878                _etext = .

.vfp11_veneer   0x08002878        0x0
 .vfp11_veneer  0x08002878        0x0 linker stubs

.v4_bx          0x08002878        0x0
 .v4_bx         0x08002878        0x0 linker stubs

.iplt           0x08002878        0x0
 .iplt          0x08002878        0x0 d:/stm32_ide_x64/stm32_ide/eclipse/plugins/fr.ac6.mcu.externaltools.arm-none.win32_1.15.0.201708311556/tools/compiler/bin/../lib/gcc/arm-none-eabi/6.3.1/thumb/v7e-m/fpv4-sp/hard/crtbegin.o

.rodata         0x08002878      0x268
                0x08002878                . = ALIGN (0x4)
 *(.rodata)
 .rodata        0x08002878       0x10 Drivers/STM32F4xx_HAL_Driver/Src/stm32f4xx_hal_rcc.o
                0x08002878                APBAHBPrescTable
 .rodata        0x08002888      0x1f0 Src/ili9341.o
 *(.rodata*)
 .rodata.str1.4
                0x08002a78       0x68 Src/main.o
                                 0x66 (size before relaxing)
                0x08002ae0                . = ALIGN (0x4)

.rel.dyn        0x08002ae0        0x0
 .rel.iplt      0x08002ae0        0x0 d:/stm32_ide_x64/stm32_ide/eclipse/plugins/fr.ac6.mcu.externaltools.arm-none.win32_1.15.0.201708311556/tools/compiler/bin/../lib/gcc/arm-none-eabi/6.3.1/thumb/v7e-m/fpv4-sp/hard/crtbegin.o

.ARM.extab
 *(.ARM.extab* .gnu.linkonce.armextab.*)

.ARM            0x08002ae0        0x0
                0x08002ae0                __exidx_start = .
 *(.ARM.exidx*)
                0x08002ae0                __exidx_end = .

.preinit_array  0x08002ae0        0x0
                0x08002ae0                PROVIDE (__preinit_array_start, .)
 *(.preinit_array*)
                0x08002ae0                PROVIDE (__preinit_array_end, .)

.init_array     0x08002ae0        0x4
                0x08002ae0                PROVIDE (__init_array_start, .)
 *(SORT(.init_array.*))
 *(.init_array*)
 .init_array    0x08002ae0        0x4 d:/stm32_ide_x64/stm32_ide/eclipse/plugins/fr.ac6.mcu.externaltools.arm-none.win32_1.15.0.201708311556/tools/compiler/bin/../lib/gcc/arm-none-eabi/6.3.1/thumb/v7e-m/fpv4-sp/hard/crtbegin.o
                0x08002ae4                PROVIDE (__init_array_end, .)

.fini_array     0x08002ae4        0x4
                [!provide]                PROVIDE (__fini_array_start, .)
 *(SORT(.fini_array.*))
 *(.fini_array*)
 .fini_array    0x08002ae4        0x4 d:/stm32_ide_x64/stm32_ide/eclipse/plugins/fr.ac6.mcu.externaltools.arm-none.win32_1.15.0.201708311556/tools/compiler/bin/../lib/gcc/arm-none-eabi/6.3.1/thumb/v7e-m/fpv4-sp/hard/crtbegin.o
                [!provide]                PROVIDE (__fini_array_end, .)
                0x08002ae8                _sidata = LOADADDR (.data)

.data           0x20000000        0x8 load address 0x08002ae8
                0x20000000                . = ALIGN (0x4)
                0x20000000                _sdata = .
 *(.data)
 .data          0x20000000        0x4 Src/ili9341.o
 .data          0x20000004        0x4 Src/system_stm32f4xx.o
                0x20000004                SystemCoreClock
 *(.data*)
                0x20000008                . = ALIGN (0x4)
                0x20000008                _edata = .
                0x08002af0                _siccmram = LOADADDR (.ccmram)

.jcr            0x20000008        0x0 load address 0x08002af0
 .jcr           0x20000008        0x0 d:/stm32_ide_x64/stm32_ide/eclipse/plugins/fr.ac6.mcu.externaltools.arm-none.win32_1.15.0.201708311556/tools/compiler/bin/../lib/gcc/arm-none-eabi/6.3.1/thumb/v7e-m/fpv4-sp/hard/crtbegin.o

.igot.plt       0x20000008        0x0 load address 0x08002af0
 .igot.plt      0x20000008        0x0 d:/stm32_ide_x64/stm32_ide/eclipse/plugins/fr.ac6.mcu.externaltools.arm-none.win32_1.15.0.201708311556/tools/compiler/bin/../lib/gcc/arm-none-eabi/6.3.1/thumb/v7e-m/fpv4-sp/hard/crtbegin.o

.ccmram         0x10000000        0x0 load address 0x08002af0
                0x10000000                . = ALIGN (0x4)
                0x10000000                _sccmram = .
 *(.ccmram)
 *(.ccmram*)
                0x10000000                . = ALIGN (0x4)
                0x10000000                _eccmram = .
                0x10000000                . = ALIGN (0x4)

.bss            0x20000008      0x12c
                0x20000008                _sbss = .
                0x20000008                __bss_start__ = _sbss
 *(.bss)
 .bss           0x20000008       0x1c d:/stm32_ide_x64/stm32_ide/eclipse/plugins/fr.ac6.mcu.externaltools.arm-none.win32_1.15.0.201708311556/tools/compiler/bin/../lib/gcc/arm-none-eabi/6.3.1/thumb/v7e-m/fpv4-sp/hard/crtbegin.o
 .bss           0x20000024       0x20 Src/ili9341.o
 *(.bss*)
 *(COMMON)
 COMMON         0x20000044        0x4 Drivers/STM32F4xx_HAL_Driver/Src/stm32f4xx_hal.o
                0x20000044                uwTick
 COMMON         0x20000048       0xb0 Src/spi.o
                0x20000048                hspi5
                0x200000a0                hspi4
 COMMON         0x200000f8       0x3c Src/tim.o
                0x200000f8                htim4
                0x20000134                . = ALIGN (0x4)
                0x20000134                _ebss = .
                0x20000134                __bss_end__ = _ebss

._user_heap_stack
                0x20000134      0x604
                0x20000138                . = ALIGN (0x8)
 *fill*         0x20000134        0x4 
                [!provide]                PROVIDE (end, .)
                [!provide]                PROVIDE (_end, .)
                0x20000338                . = (. + _Min_Heap_Size)
 *fill*         0x20000138      0x200 
                0x20000738                . = (. + _Min_Stack_Size)
 *fill*         0x20000338      0x400 
                0x20000738                . = ALIGN (0x8)

/DISCARD/
 libc.a(*)
 libm.a(*)
 libgcc.a(*)

.ARM.attributes
                0x00000000       0x30
 *(.ARM.attributes)
 .ARM.attributes
                0x00000000       0x22 d:/stm32_ide_x64/stm32_ide/eclipse/plugins/fr.ac6.mcu.externaltools.arm-none.win32_1.15.0.201708311556/tools/compiler/bin/../lib/gcc/arm-none-eabi/6.3.1/thumb/v7e-m/fpv4-sp/hard/crti.o
 .ARM.attributes
                0x00000022       0x34 d:/stm32_ide_x64/stm32_ide/eclipse/plugins/fr.ac6.mcu.externaltools.arm-none.win32_1.15.0.201708311556/tools/compiler/bin/../lib/gcc/arm-none-eabi/6.3.1/thumb/v7e-m/fpv4-sp/hard/crtbegin.o
 .ARM.attributes
                0x00000056       0x39 Drivers/STM32F4xx_HAL_Driver/Src/stm32f4xx_hal.o
 .ARM.attributes
                0x0000008f       0x39 Drivers/STM32F4xx_HAL_Driver/Src/stm32f4xx_hal_cortex.o
 .ARM.attributes
                0x000000c8       0x39 Drivers/STM32F4xx_HAL_Driver/Src/stm32f4xx_hal_dma.o
 .ARM.attributes
                0x00000101       0x39 Drivers/STM32F4xx_HAL_Driver/Src/stm32f4xx_hal_gpio.o
 .ARM.attributes
                0x0000013a       0x39 Drivers/STM32F4xx_HAL_Driver/Src/stm32f4xx_hal_pwr_ex.o
 .ARM.attributes
                0x00000173       0x39 Drivers/STM32F4xx_HAL_Driver/Src/stm32f4xx_hal_rcc.o
 .ARM.attributes
                0x000001ac       0x39 Drivers/STM32F4xx_HAL_Driver/Src/stm32f4xx_hal_spi.o
 .ARM.attributes
                0x000001e5       0x39 Drivers/STM32F4xx_HAL_Driver/Src/stm32f4xx_hal_tim.o
 .ARM.attributes
                0x0000021e       0x39 Drivers/STM32F4xx_HAL_Driver/Src/stm32f4xx_hal_tim_ex.o
 .ARM.attributes
                0x00000257       0x39 Src/gpio.o
 .ARM.attributes
                0x00000290       0x39 Src/ili9341.o
 .ARM.attributes
                0x000002c9       0x39 Src/main.o
 .ARM.attributes
                0x00000302       0x39 Src/spi.o
 .ARM.attributes
                0x0000033b       0x39 Src/stm32f4xx_hal_msp.o
 .ARM.attributes
                0x00000374       0x39 Src/stm32f4xx_it.o
 .ARM.attributes
                0x000003ad       0x39 Src/system_stm32f4xx.o
 .ARM.attributes
                0x000003e6       0x39 Src/tim.o
 .ARM.attributes
                0x0000041f       0x39 Src/tracks_driver.o
 .ARM.attributes
                0x00000458       0x21 startup/startup_stm32f429xx.o
 .ARM.attributes
                0x00000479       0x34 d:/stm32_ide_x64/stm32_ide/eclipse/plugins/fr.ac6.mcu.externaltools.arm-none.win32_1.15.0.201708311556/tools/compiler/bin/../lib/gcc/arm-none-eabi/6.3.1/../../../../arm-none-eabi/lib/thumb/v7e-m/fpv4-sp/hard\libc_nano.a(lib_a-init.o)
 .ARM.attributes
                0x000004ad       0x22 d:/stm32_ide_x64/stm32_ide/eclipse/plugins/fr.ac6.mcu.externaltools.arm-none.win32_1.15.0.201708311556/tools/compiler/bin/../lib/gcc/arm-none-eabi/6.3.1/thumb/v7e-m/fpv4-sp/hard/crtn.o
OUTPUT(IPX-Crawler-Driver-Board.elf elf32-littlearm)

.debug_info     0x00000000    0x19d86
 .debug_info    0x00000000     0x11da Drivers/STM32F4xx_HAL_Driver/Src/stm32f4xx_hal.o
 .debug_info    0x000011da     0x16cb Drivers/STM32F4xx_HAL_Driver/Src/stm32f4xx_hal_cortex.o
 .debug_info    0x000028a5     0x1251 Drivers/STM32F4xx_HAL_Driver/Src/stm32f4xx_hal_dma.o
 .debug_info    0x00003af6      0xf6c Drivers/STM32F4xx_HAL_Driver/Src/stm32f4xx_hal_gpio.o
 .debug_info    0x00004a62     0x1184 Drivers/STM32F4xx_HAL_Driver/Src/stm32f4xx_hal_pwr_ex.o
 .debug_info    0x00005be6     0x1500 Drivers/STM32F4xx_HAL_Driver/Src/stm32f4xx_hal_rcc.o
 .debug_info    0x000070e6     0x1f23 Drivers/STM32F4xx_HAL_Driver/Src/stm32f4xx_hal_spi.o
 .debug_info    0x00009009     0x362a Drivers/STM32F4xx_HAL_Driver/Src/stm32f4xx_hal_tim.o
 .debug_info    0x0000c633     0x1abd Drivers/STM32F4xx_HAL_Driver/Src/stm32f4xx_hal_tim_ex.o
 .debug_info    0x0000e0f0     0x109c Src/gpio.o
 .debug_info    0x0000f18c     0x275b Src/ili9341.o
 .debug_info    0x000118e7     0x1ed5 Src/main.o
 .debug_info    0x000137bc     0x152f Src/spi.o
 .debug_info    0x00014ceb      0xc50 Src/stm32f4xx_hal_msp.o
 .debug_info    0x0001593b      0xe39 Src/stm32f4xx_it.o
 .debug_info    0x00016774      0xd16 Src/system_stm32f4xx.o
 .debug_info    0x0001748a     0x1426 Src/tim.o
 .debug_info    0x000188b0     0x1434 Src/tracks_driver.o
 .debug_info    0x00019ce4       0xa2 startup/startup_stm32f429xx.o

.debug_abbrev   0x00000000     0x31dd
 .debug_abbrev  0x00000000      0x329 Drivers/STM32F4xx_HAL_Driver/Src/stm32f4xx_hal.o
 .debug_abbrev  0x00000329      0x3d4 Drivers/STM32F4xx_HAL_Driver/Src/stm32f4xx_hal_cortex.o
 .debug_abbrev  0x000006fd      0x328 Drivers/STM32F4xx_HAL_Driver/Src/stm32f4xx_hal_dma.o
 .debug_abbrev  0x00000a25      0x2a5 Drivers/STM32F4xx_HAL_Driver/Src/stm32f4xx_hal_gpio.o
 .debug_abbrev  0x00000cca      0x32d Drivers/STM32F4xx_HAL_Driver/Src/stm32f4xx_hal_pwr_ex.o
 .debug_abbrev  0x00000ff7      0x381 Drivers/STM32F4xx_HAL_Driver/Src/stm32f4xx_hal_rcc.o
 .debug_abbrev  0x00001378      0x2f0 Drivers/STM32F4xx_HAL_Driver/Src/stm32f4xx_hal_spi.o
 .debug_abbrev  0x00001668      0x2dc Drivers/STM32F4xx_HAL_Driver/Src/stm32f4xx_hal_tim.o
 .debug_abbrev  0x00001944      0x2dc Drivers/STM32F4xx_HAL_Driver/Src/stm32f4xx_hal_tim_ex.o
 .debug_abbrev  0x00001c20      0x229 Src/gpio.o
 .debug_abbrev  0x00001e49      0x35a Src/ili9341.o
 .debug_abbrev  0x000021a3      0x2c7 Src/main.o
 .debug_abbrev  0x0000246a      0x26a Src/spi.o
 .debug_abbrev  0x000026d4      0x209 Src/stm32f4xx_hal_msp.o
 .debug_abbrev  0x000028dd      0x207 Src/stm32f4xx_it.o
 .debug_abbrev  0x00002ae4      0x216 Src/system_stm32f4xx.o
 .debug_abbrev  0x00002cfa      0x27d Src/tim.o
 .debug_abbrev  0x00002f77      0x254 Src/tracks_driver.o
 .debug_abbrev  0x000031cb       0x12 startup/startup_stm32f429xx.o

.debug_loc      0x00000000     0x89a4
 .debug_loc     0x00000000       0xbe Drivers/STM32F4xx_HAL_Driver/Src/stm32f4xx_hal.o
 .debug_loc     0x000000be      0x5ad Drivers/STM32F4xx_HAL_Driver/Src/stm32f4xx_hal_cortex.o
 .debug_loc     0x0000066b      0xb70 Drivers/STM32F4xx_HAL_Driver/Src/stm32f4xx_hal_dma.o
 .debug_loc     0x000011db      0x3fd Drivers/STM32F4xx_HAL_Driver/Src/stm32f4xx_hal_gpio.o
 .debug_loc     0x000015d8      0x23a Drivers/STM32F4xx_HAL_Driver/Src/stm32f4xx_hal_pwr_ex.o
 .debug_loc     0x00001812      0x53b Drivers/STM32F4xx_HAL_Driver/Src/stm32f4xx_hal_rcc.o
 .debug_loc     0x00001d4d     0x1817 Drivers/STM32F4xx_HAL_Driver/Src/stm32f4xx_hal_spi.o
 .debug_loc     0x00003564     0x34bc Drivers/STM32F4xx_HAL_Driver/Src/stm32f4xx_hal_tim.o
 .debug_loc     0x00006a20      0xc5f Drivers/STM32F4xx_HAL_Driver/Src/stm32f4xx_hal_tim_ex.o
 .debug_loc     0x0000767f      0xfac Src/ili9341.o
 .debug_loc     0x0000862b       0x6c Src/main.o
 .debug_loc     0x00008697       0xa6 Src/spi.o
 .debug_loc     0x0000873d      0x13e Src/system_stm32f4xx.o
 .debug_loc     0x0000887b       0x21 Src/tim.o
 .debug_loc     0x0000889c      0x108 Src/tracks_driver.o

.debug_aranges  0x00000000      0xc10
 .debug_aranges
                0x00000000       0xd0 Drivers/STM32F4xx_HAL_Driver/Src/stm32f4xx_hal.o
 .debug_aranges
                0x000000d0       0x98 Drivers/STM32F4xx_HAL_Driver/Src/stm32f4xx_hal_cortex.o
 .debug_aranges
                0x00000168       0x90 Drivers/STM32F4xx_HAL_Driver/Src/stm32f4xx_hal_dma.o
 .debug_aranges
                0x000001f8       0x58 Drivers/STM32F4xx_HAL_Driver/Src/stm32f4xx_hal_gpio.o
 .debug_aranges
                0x00000250       0x60 Drivers/STM32F4xx_HAL_Driver/Src/stm32f4xx_hal_pwr_ex.o
 .debug_aranges
                0x000002b0       0x88 Drivers/STM32F4xx_HAL_Driver/Src/stm32f4xx_hal_rcc.o
 .debug_aranges
                0x00000338      0x190 Drivers/STM32F4xx_HAL_Driver/Src/stm32f4xx_hal_spi.o
 .debug_aranges
                0x000004c8      0x368 Drivers/STM32F4xx_HAL_Driver/Src/stm32f4xx_hal_tim.o
 .debug_aranges
                0x00000830      0x140 Drivers/STM32F4xx_HAL_Driver/Src/stm32f4xx_hal_tim_ex.o
 .debug_aranges
                0x00000970       0x20 Src/gpio.o
 .debug_aranges
                0x00000990       0xb8 Src/ili9341.o
 .debug_aranges
                0x00000a48       0x30 Src/main.o
 .debug_aranges
                0x00000a78       0x38 Src/spi.o
 .debug_aranges
                0x00000ab0       0x20 Src/stm32f4xx_hal_msp.o
 .debug_aranges
                0x00000ad0       0x28 Src/stm32f4xx_it.o
 .debug_aranges
                0x00000af8       0x28 Src/system_stm32f4xx.o
 .debug_aranges
                0x00000b20       0x38 Src/tim.o
 .debug_aranges
                0x00000b58       0x90 Src/tracks_driver.o
 .debug_aranges
                0x00000be8       0x28 startup/startup_stm32f429xx.o

.debug_ranges   0x00000000      0xb48
 .debug_ranges  0x00000000       0xc0 Drivers/STM32F4xx_HAL_Driver/Src/stm32f4xx_hal.o
 .debug_ranges  0x000000c0       0xe8 Drivers/STM32F4xx_HAL_Driver/Src/stm32f4xx_hal_cortex.o
 .debug_ranges  0x000001a8       0x80 Drivers/STM32F4xx_HAL_Driver/Src/stm32f4xx_hal_dma.o
 .debug_ranges  0x00000228       0x48 Drivers/STM32F4xx_HAL_Driver/Src/stm32f4xx_hal_gpio.o
 .debug_ranges  0x00000270       0x50 Drivers/STM32F4xx_HAL_Driver/Src/stm32f4xx_hal_pwr_ex.o
 .debug_ranges  0x000002c0       0x78 Drivers/STM32F4xx_HAL_Driver/Src/stm32f4xx_hal_rcc.o
 .debug_ranges  0x00000338      0x180 Drivers/STM32F4xx_HAL_Driver/Src/stm32f4xx_hal_spi.o
 .debug_ranges  0x000004b8      0x358 Drivers/STM32F4xx_HAL_Driver/Src/stm32f4xx_hal_tim.o
 .debug_ranges  0x00000810      0x130 Drivers/STM32F4xx_HAL_Driver/Src/stm32f4xx_hal_tim_ex.o
 .debug_ranges  0x00000940       0x10 Src/gpio.o
 .debug_ranges  0x00000950       0xa8 Src/ili9341.o
 .debug_ranges  0x000009f8       0x20 Src/main.o
 .debug_ranges  0x00000a18       0x28 Src/spi.o
 .debug_ranges  0x00000a40       0x10 Src/stm32f4xx_hal_msp.o
 .debug_ranges  0x00000a50       0x18 Src/stm32f4xx_it.o
 .debug_ranges  0x00000a68       0x18 Src/system_stm32f4xx.o
 .debug_ranges  0x00000a80       0x28 Src/tim.o
 .debug_ranges  0x00000aa8       0x80 Src/tracks_driver.o
 .debug_ranges  0x00000b28       0x20 startup/startup_stm32f429xx.o

.debug_macro    0x00000000    0x17874
 .debug_macro   0x00000000      0x367 Drivers/STM32F4xx_HAL_Driver/Src/stm32f4xx_hal.o
 .debug_macro   0x00000367      0x8c8 Drivers/STM32F4xx_HAL_Driver/Src/stm32f4xx_hal.o
 .debug_macro   0x00000c2f      0x46a Drivers/STM32F4xx_HAL_Driver/Src/stm32f4xx_hal.o
 .debug_macro   0x00001099      0x17f Drivers/STM32F4xx_HAL_Driver/Src/stm32f4xx_hal.o
 .debug_macro   0x00001218       0x31 Drivers/STM32F4xx_HAL_Driver/Src/stm32f4xx_hal.o
 .debug_macro   0x00001249       0x28 Drivers/STM32F4xx_HAL_Driver/Src/stm32f4xx_hal.o
 .debug_macro   0x00001271       0x22 Drivers/STM32F4xx_HAL_Driver/Src/stm32f4xx_hal.o
 .debug_macro   0x00001293       0x87 Drivers/STM32F4xx_HAL_Driver/Src/stm32f4xx_hal.o
 .debug_macro   0x0000131a       0x51 Drivers/STM32F4xx_HAL_Driver/Src/stm32f4xx_hal.o
 .debug_macro   0x0000136b       0xef Drivers/STM32F4xx_HAL_Driver/Src/stm32f4xx_hal.o
 .debug_macro   0x0000145a       0x6a Drivers/STM32F4xx_HAL_Driver/Src/stm32f4xx_hal.o
 .debug_macro   0x000014c4      0x1df Drivers/STM32F4xx_HAL_Driver/Src/stm32f4xx_hal.o
 .debug_macro   0x000016a3       0x35 Drivers/STM32F4xx_HAL_Driver/Src/stm32f4xx_hal.o
 .debug_macro   0x000016d8       0x50 Drivers/STM32F4xx_HAL_Driver/Src/stm32f4xx_hal.o
 .debug_macro   0x00001728      0xe66 Drivers/STM32F4xx_HAL_Driver/Src/stm32f4xx_hal.o
 .debug_macro   0x0000258e     0xa373 Drivers/STM32F4xx_HAL_Driver/Src/stm32f4xx_hal.o
 .debug_macro   0x0000c901       0x43 Drivers/STM32F4xx_HAL_Driver/Src/stm32f4xx_hal.o
 .debug_macro   0x0000c944     0x34ef Drivers/STM32F4xx_HAL_Driver/Src/stm32f4xx_hal.o
 .debug_macro   0x0000fe33       0x58 Drivers/STM32F4xx_HAL_Driver/Src/stm32f4xx_hal.o
 .debug_macro   0x0000fe8b       0x35 Drivers/STM32F4xx_HAL_Driver/Src/stm32f4xx_hal.o
 .debug_macro   0x0000fec0       0x9c Drivers/STM32F4xx_HAL_Driver/Src/stm32f4xx_hal.o
 .debug_macro   0x0000ff5c       0x16 Drivers/STM32F4xx_HAL_Driver/Src/stm32f4xx_hal.o
 .debug_macro   0x0000ff72       0x97 Drivers/STM32F4xx_HAL_Driver/Src/stm32f4xx_hal.o
 .debug_macro   0x00010009      0x330 Drivers/STM32F4xx_HAL_Driver/Src/stm32f4xx_hal.o
 .debug_macro   0x00010339       0xfd Drivers/STM32F4xx_HAL_Driver/Src/stm32f4xx_hal.o
 .debug_macro   0x00010436       0x10 Drivers/STM32F4xx_HAL_Driver/Src/stm32f4xx_hal.o
 .debug_macro   0x00010446       0x58 Drivers/STM32F4xx_HAL_Driver/Src/stm32f4xx_hal.o
 .debug_macro   0x0001049e       0x1f Drivers/STM32F4xx_HAL_Driver/Src/stm32f4xx_hal.o
 .debug_macro   0x000104bd       0x43 Drivers/STM32F4xx_HAL_Driver/Src/stm32f4xx_hal.o
 .debug_macro   0x00010500       0x20 Drivers/STM32F4xx_HAL_Driver/Src/stm32f4xx_hal.o
 .debug_macro   0x00010520      0x187 Drivers/STM32F4xx_HAL_Driver/Src/stm32f4xx_hal.o
 .debug_macro   0x000106a7       0x10 Drivers/STM32F4xx_HAL_Driver/Src/stm32f4xx_hal.o
 .debug_macro   0x000106b7       0x1c Drivers/STM32F4xx_HAL_Driver/Src/stm32f4xx_hal.o
 .debug_macro   0x000106d3       0x52 Drivers/STM32F4xx_HAL_Driver/Src/stm32f4xx_hal.o
 .debug_macro   0x00010725       0x40 Drivers/STM32F4xx_HAL_Driver/Src/stm32f4xx_hal.o
 .debug_macro   0x00010765       0x10 Drivers/STM32F4xx_HAL_Driver/Src/stm32f4xx_hal.o
 .debug_macro   0x00010775       0x40 Drivers/STM32F4xx_HAL_Driver/Src/stm32f4xx_hal.o
 .debug_macro   0x000107b5       0xd7 Drivers/STM32F4xx_HAL_Driver/Src/stm32f4xx_hal.o
 .debug_macro   0x0001088c       0x16 Drivers/STM32F4xx_HAL_Driver/Src/stm32f4xx_hal.o
 .debug_macro   0x000108a2      0x18b Drivers/STM32F4xx_HAL_Driver/Src/stm32f4xx_hal.o
 .debug_macro   0x00010a2d       0x50 Drivers/STM32F4xx_HAL_Driver/Src/stm32f4xx_hal.o
 .debug_macro   0x00010a7d      0xc9e Drivers/STM32F4xx_HAL_Driver/Src/stm32f4xx_hal.o
 .debug_macro   0x0001171b      0x9e1 Drivers/STM32F4xx_HAL_Driver/Src/stm32f4xx_hal.o
 .debug_macro   0x000120fc      0x11e Drivers/STM32F4xx_HAL_Driver/Src/stm32f4xx_hal.o
 .debug_macro   0x0001221a      0x161 Drivers/STM32F4xx_HAL_Driver/Src/stm32f4xx_hal.o
 .debug_macro   0x0001237b       0x27 Drivers/STM32F4xx_HAL_Driver/Src/stm32f4xx_hal.o
 .debug_macro   0x000123a2      0x287 Drivers/STM32F4xx_HAL_Driver/Src/stm32f4xx_hal.o
 .debug_macro   0x00012629       0x5f Drivers/STM32F4xx_HAL_Driver/Src/stm32f4xx_hal.o
 .debug_macro   0x00012688      0x23a Drivers/STM32F4xx_HAL_Driver/Src/stm32f4xx_hal.o
 .debug_macro   0x000128c2      0x13a Drivers/STM32F4xx_HAL_Driver/Src/stm32f4xx_hal.o
 .debug_macro   0x000129fc      0x41d Drivers/STM32F4xx_HAL_Driver/Src/stm32f4xx_hal.o
 .debug_macro   0x00012e19       0x2e Drivers/STM32F4xx_HAL_Driver/Src/stm32f4xx_hal.o
 .debug_macro   0x00012e47      0x11e Drivers/STM32F4xx_HAL_Driver/Src/stm32f4xx_hal.o
 .debug_macro   0x00012f65       0xe2 Drivers/STM32F4xx_HAL_Driver/Src/stm32f4xx_hal.o
 .debug_macro   0x00013047       0x89 Drivers/STM32F4xx_HAL_Driver/Src/stm32f4xx_hal.o
 .debug_macro   0x000130d0      0x202 Drivers/STM32F4xx_HAL_Driver/Src/stm32f4xx_hal.o
 .debug_macro   0x000132d2      0x6d9 Drivers/STM32F4xx_HAL_Driver/Src/stm32f4xx_hal.o
 .debug_macro   0x000139ab       0x5b Drivers/STM32F4xx_HAL_Driver/Src/stm32f4xx_hal.o
 .debug_macro   0x00013a06      0x14d Drivers/STM32F4xx_HAL_Driver/Src/stm32f4xx_hal.o
 .debug_macro   0x00013b53      0x12c Drivers/STM32F4xx_HAL_Driver/Src/stm32f4xx_hal.o
 .debug_macro   0x00013c7f      0x319 Drivers/STM32F4xx_HAL_Driver/Src/stm32f4xx_hal_cortex.o
 .debug_macro   0x00013f98      0x320 Drivers/STM32F4xx_HAL_Driver/Src/stm32f4xx_hal_dma.o
 .debug_macro   0x000142b8      0x351 Drivers/STM32F4xx_HAL_Driver/Src/stm32f4xx_hal_gpio.o
 .debug_macro   0x00014609      0x331 Drivers/STM32F4xx_HAL_Driver/Src/stm32f4xx_hal_pwr_ex.o
 .debug_macro   0x0001493a      0x343 Drivers/STM32F4xx_HAL_Driver/Src/stm32f4xx_hal_rcc.o
 .debug_macro   0x00014c7d      0x321 Drivers/STM32F4xx_HAL_Driver/Src/stm32f4xx_hal_spi.o
 .debug_macro   0x00014f9e      0x31a Drivers/STM32F4xx_HAL_Driver/Src/stm32f4xx_hal_tim.o
 .debug_macro   0x000152b8      0x319 Drivers/STM32F4xx_HAL_Driver/Src/stm32f4xx_hal_tim_ex.o
 .debug_macro   0x000155d1      0x323 Src/gpio.o
 .debug_macro   0x000158f4      0x33a Src/ili9341.o
 .debug_macro   0x00015c2e      0x2b7 Src/ili9341.o
 .debug_macro   0x00015ee5      0x357 Src/main.o
 .debug_macro   0x0001623c      0x2b7 Src/main.o
 .debug_macro   0x000164f3       0xa0 Src/main.o
 .debug_macro   0x00016593      0x32d Src/spi.o
 .debug_macro   0x000168c0      0x319 Src/stm32f4xx_hal_msp.o
 .debug_macro   0x00016bd9      0x323 Src/stm32f4xx_it.o
 .debug_macro   0x00016efc      0x31f Src/system_stm32f4xx.o
 .debug_macro   0x0001721b      0x323 Src/tim.o
 .debug_macro   0x0001753e      0x336 Src/tracks_driver.o

.debug_line     0x00000000     0xd14b
 .debug_line    0x00000000      0xa90 Drivers/STM32F4xx_HAL_Driver/Src/stm32f4xx_hal.o
 .debug_line    0x00000a90      0xaa6 Drivers/STM32F4xx_HAL_Driver/Src/stm32f4xx_hal_cortex.o
 .debug_line    0x00001536      0xbf1 Drivers/STM32F4xx_HAL_Driver/Src/stm32f4xx_hal_dma.o
 .debug_line    0x00002127      0xa68 Drivers/STM32F4xx_HAL_Driver/Src/stm32f4xx_hal_gpio.o
 .debug_line    0x00002b8f      0xa19 Drivers/STM32F4xx_HAL_Driver/Src/stm32f4xx_hal_pwr_ex.o
 .debug_line    0x000035a8      0xba0 Drivers/STM32F4xx_HAL_Driver/Src/stm32f4xx_hal_rcc.o
 .debug_line    0x00004148     0x1192 Drivers/STM32F4xx_HAL_Driver/Src/stm32f4xx_hal_spi.o
 .debug_line    0x000052da     0x19f1 Drivers/STM32F4xx_HAL_Driver/Src/stm32f4xx_hal_tim.o
 .debug_line    0x00006ccb      0xeaa Drivers/STM32F4xx_HAL_Driver/Src/stm32f4xx_hal_tim_ex.o
 .debug_line    0x00007b75      0x95f Src/gpio.o
 .debug_line    0x000084d4      0xbb8 Src/ili9341.o
 .debug_line    0x0000908c      0x968 Src/main.o
 .debug_line    0x000099f4      0x93b Src/spi.o
 .debug_line    0x0000a32f      0x8c7 Src/stm32f4xx_hal_msp.o
 .debug_line    0x0000abf6      0x8df Src/stm32f4xx_it.o
 .debug_line    0x0000b4d5      0x8f2 Src/system_stm32f4xx.o
 .debug_line    0x0000bdc7      0x924 Src/tim.o
 .debug_line    0x0000c6eb      0x9e1 Src/tracks_driver.o
 .debug_line    0x0000d0cc       0x7f startup/startup_stm32f429xx.o

.debug_str      0x00000000    0x796fa
 .debug_str     0x00000000    0x75b0e Drivers/STM32F4xx_HAL_Driver/Src/stm32f4xx_hal.o
                              0x75ede (size before relaxing)
 .debug_str     0x00075b0e      0x388 Drivers/STM32F4xx_HAL_Driver/Src/stm32f4xx_hal_cortex.o
                              0x75cff (size before relaxing)
 .debug_str     0x00075e96      0x541 Drivers/STM32F4xx_HAL_Driver/Src/stm32f4xx_hal_dma.o
                              0x75852 (size before relaxing)
 .debug_str     0x000763d7      0x2f2 Drivers/STM32F4xx_HAL_Driver/Src/stm32f4xx_hal_gpio.o
                              0x756d8 (size before relaxing)
 .debug_str     0x000766c9      0x14d Drivers/STM32F4xx_HAL_Driver/Src/stm32f4xx_hal_pwr_ex.o
                              0x75648 (size before relaxing)
 .debug_str     0x00076816      0x391 Drivers/STM32F4xx_HAL_Driver/Src/stm32f4xx_hal_rcc.o
                              0x75866 (size before relaxing)
 .debug_str     0x00076ba7      0x637 Drivers/STM32F4xx_HAL_Driver/Src/stm32f4xx_hal_spi.o
                              0x75bb3 (size before relaxing)
 .debug_str     0x000771de      0xe82 Drivers/STM32F4xx_HAL_Driver/Src/stm32f4xx_hal_tim.o
                              0x7645b (size before relaxing)
 .debug_str     0x00078060      0x4ec Drivers/STM32F4xx_HAL_Driver/Src/stm32f4xx_hal_tim_ex.o
                              0x75d13 (size before relaxing)
 .debug_str     0x0007854c       0x25 Src/gpio.o
                              0x7545e (size before relaxing)
 .debug_str     0x00078571      0xbaa Src/ili9341.o
                              0x762c6 (size before relaxing)
 .debug_str     0x0007911b      0x444 Src/main.o
                              0x76f7c (size before relaxing)
 .debug_str     0x0007955f       0x17 Src/spi.o
                              0x75e6b (size before relaxing)
 .debug_str     0x00079576       0x1b Src/stm32f4xx_hal_msp.o
                              0x757ff (size before relaxing)
 .debug_str     0x00079591       0x48 Src/stm32f4xx_it.o
                              0x75712 (size before relaxing)
 .debug_str     0x000795d9       0x5a Src/system_stm32f4xx.o
                              0x75442 (size before relaxing)
 .debug_str     0x00079633       0x44 Src/tim.o
                              0x75a54 (size before relaxing)
 .debug_str     0x00079677       0x83 Src/tracks_driver.o
                              0x75b47 (size before relaxing)

.comment        0x00000000       0x7f
 .comment       0x00000000       0x7f Drivers/STM32F4xx_HAL_Driver/Src/stm32f4xx_hal.o
                                 0x80 (size before relaxing)
 .comment       0x0000007f       0x80 Drivers/STM32F4xx_HAL_Driver/Src/stm32f4xx_hal_cortex.o
 .comment       0x0000007f       0x80 Drivers/STM32F4xx_HAL_Driver/Src/stm32f4xx_hal_dma.o
 .comment       0x0000007f       0x80 Drivers/STM32F4xx_HAL_Driver/Src/stm32f4xx_hal_gpio.o
 .comment       0x0000007f       0x80 Drivers/STM32F4xx_HAL_Driver/Src/stm32f4xx_hal_pwr_ex.o
 .comment       0x0000007f       0x80 Drivers/STM32F4xx_HAL_Driver/Src/stm32f4xx_hal_rcc.o
 .comment       0x0000007f       0x80 Drivers/STM32F4xx_HAL_Driver/Src/stm32f4xx_hal_spi.o
 .comment       0x0000007f       0x80 Drivers/STM32F4xx_HAL_Driver/Src/stm32f4xx_hal_tim.o
 .comment       0x0000007f       0x80 Drivers/STM32F4xx_HAL_Driver/Src/stm32f4xx_hal_tim_ex.o
 .comment       0x0000007f       0x80 Src/gpio.o
 .comment       0x0000007f       0x80 Src/ili9341.o
 .comment       0x0000007f       0x80 Src/main.o
 .comment       0x0000007f       0x80 Src/spi.o
 .comment       0x0000007f       0x80 Src/stm32f4xx_hal_msp.o
 .comment       0x0000007f       0x80 Src/stm32f4xx_it.o
 .comment       0x0000007f       0x80 Src/system_stm32f4xx.o
 .comment       0x0000007f       0x80 Src/tim.o
 .comment       0x0000007f       0x80 Src/tracks_driver.o

.debug_frame    0x00000000     0x1fd0
 .debug_frame   0x00000000      0x1a8 Drivers/STM32F4xx_HAL_Driver/Src/stm32f4xx_hal.o
 .debug_frame   0x000001a8      0x13c Drivers/STM32F4xx_HAL_Driver/Src/stm32f4xx_hal_cortex.o
 .debug_frame   0x000002e4      0x17c Drivers/STM32F4xx_HAL_Driver/Src/stm32f4xx_hal_dma.o
 .debug_frame   0x00000460       0xd0 Drivers/STM32F4xx_HAL_Driver/Src/stm32f4xx_hal_gpio.o
 .debug_frame   0x00000530       0xf8 Drivers/STM32F4xx_HAL_Driver/Src/stm32f4xx_hal_pwr_ex.o
 .debug_frame   0x00000628      0x13c Drivers/STM32F4xx_HAL_Driver/Src/stm32f4xx_hal_rcc.o
 .debug_frame   0x00000764      0x4a8 Drivers/STM32F4xx_HAL_Driver/Src/stm32f4xx_hal_spi.o
 .debug_frame   0x00000c0c      0x9e0 Drivers/STM32F4xx_HAL_Driver/Src/stm32f4xx_hal_tim.o
 .debug_frame   0x000015ec      0x390 Drivers/STM32F4xx_HAL_Driver/Src/stm32f4xx_hal_tim_ex.o
 .debug_frame   0x0000197c       0x40 Src/gpio.o
 .debug_frame   0x000019bc      0x29c Src/ili9341.o
 .debug_frame   0x00001c58       0x60 Src/main.o
 .debug_frame   0x00001cb8       0x78 Src/spi.o
 .debug_frame   0x00001d30       0x28 Src/stm32f4xx_hal_msp.o
 .debug_frame   0x00001d58       0x40 Src/stm32f4xx_it.o
 .debug_frame   0x00001d98       0x30 Src/system_stm32f4xx.o
 .debug_frame   0x00001dc8       0x74 Src/tim.o
 .debug_frame   0x00001e3c      0x168 Src/tracks_driver.o
 .debug_frame   0x00001fa4       0x2c d:/stm32_ide_x64/stm32_ide/eclipse/plugins/fr.ac6.mcu.externaltools.arm-none.win32_1.15.0.201708311556/tools/compiler/bin/../lib/gcc/arm-none-eabi/6.3.1/../../../../arm-none-eabi/lib/thumb/v7e-m/fpv4-sp/hard\libc_nano.a(lib_a-init.o)
