Archive member included to satisfy reference by file (symbol)

d:/stm32_ide/tools/compiler/bin/../lib/gcc/arm-none-eabi/6.3.1/../../../../arm-none-eabi/lib/thumb/v7e-m/fpv4-sp/hard\libc_nano.a(lib_a-exit.o)
                              d:/stm32_ide/tools/compiler/bin/../lib/gcc/arm-none-eabi/6.3.1/../../../../arm-none-eabi/lib/thumb/v7e-m/fpv4-sp/hard/crt0.o (exit)
d:/stm32_ide/tools/compiler/bin/../lib/gcc/arm-none-eabi/6.3.1/../../../../arm-none-eabi/lib/thumb/v7e-m/fpv4-sp/hard\libc_nano.a(lib_a-impure.o)
                              d:/stm32_ide/tools/compiler/bin/../lib/gcc/arm-none-eabi/6.3.1/../../../../arm-none-eabi/lib/thumb/v7e-m/fpv4-sp/hard\libc_nano.a(lib_a-exit.o) (_global_impure_ptr)
d:/stm32_ide/tools/compiler/bin/../lib/gcc/arm-none-eabi/6.3.1/../../../../arm-none-eabi/lib/thumb/v7e-m/fpv4-sp/hard\libc_nano.a(lib_a-init.o)
                              d:/stm32_ide/tools/compiler/bin/../lib/gcc/arm-none-eabi/6.3.1/../../../../arm-none-eabi/lib/thumb/v7e-m/fpv4-sp/hard/crt0.o (__libc_init_array)
d:/stm32_ide/tools/compiler/bin/../lib/gcc/arm-none-eabi/6.3.1/../../../../arm-none-eabi/lib/thumb/v7e-m/fpv4-sp/hard\libc_nano.a(lib_a-memset.o)
                              d:/stm32_ide/tools/compiler/bin/../lib/gcc/arm-none-eabi/6.3.1/../../../../arm-none-eabi/lib/thumb/v7e-m/fpv4-sp/hard/crt0.o (memset)
d:/stm32_ide/tools/compiler/bin/../lib/gcc/arm-none-eabi/6.3.1/../../../../arm-none-eabi/lib/thumb/v7e-m/fpv4-sp/hard\libnosys.a(_exit.o)
                              d:/stm32_ide/tools/compiler/bin/../lib/gcc/arm-none-eabi/6.3.1/../../../../arm-none-eabi/lib/thumb/v7e-m/fpv4-sp/hard\libc_nano.a(lib_a-exit.o) (_exit)

Allocating common symbols
Common symbol       size              file

hspi5               0x58              Src/spi.o
htim4               0x3c              Src/tim.o
uwTick              0x4               Drivers/STM32F4xx_HAL_Driver/Src/stm32f4xx_hal.o
pFlash              0x20              Drivers/STM32F4xx_HAL_Driver/Src/stm32f4xx_hal_flash.o
ipx_tracks          0x10              Src/tracks_driver.o
hspi4               0x58              Src/spi.o
ipx_command         0xc               Src/main.o

Discarded input sections

 .text          0x00000000        0x0 d:/stm32_ide/tools/compiler/bin/../lib/gcc/arm-none-eabi/6.3.1/thumb/v7e-m/fpv4-sp/hard/crti.o
 .data          0x00000000        0x0 d:/stm32_ide/tools/compiler/bin/../lib/gcc/arm-none-eabi/6.3.1/thumb/v7e-m/fpv4-sp/hard/crti.o
 .bss           0x00000000        0x0 d:/stm32_ide/tools/compiler/bin/../lib/gcc/arm-none-eabi/6.3.1/thumb/v7e-m/fpv4-sp/hard/crti.o
 .data          0x00000000        0x4 d:/stm32_ide/tools/compiler/bin/../lib/gcc/arm-none-eabi/6.3.1/thumb/v7e-m/fpv4-sp/hard/crtbegin.o
 .text          0x00000000       0x74 d:/stm32_ide/tools/compiler/bin/../lib/gcc/arm-none-eabi/6.3.1/../../../../arm-none-eabi/lib/thumb/v7e-m/fpv4-sp/hard/crt0.o
 .data          0x00000000        0x0 d:/stm32_ide/tools/compiler/bin/../lib/gcc/arm-none-eabi/6.3.1/../../../../arm-none-eabi/lib/thumb/v7e-m/fpv4-sp/hard/crt0.o
 .bss           0x00000000        0x0 d:/stm32_ide/tools/compiler/bin/../lib/gcc/arm-none-eabi/6.3.1/../../../../arm-none-eabi/lib/thumb/v7e-m/fpv4-sp/hard/crt0.o
 .ARM.extab     0x00000000        0x0 d:/stm32_ide/tools/compiler/bin/../lib/gcc/arm-none-eabi/6.3.1/../../../../arm-none-eabi/lib/thumb/v7e-m/fpv4-sp/hard/crt0.o
 .ARM.exidx     0x00000000        0x8 d:/stm32_ide/tools/compiler/bin/../lib/gcc/arm-none-eabi/6.3.1/../../../../arm-none-eabi/lib/thumb/v7e-m/fpv4-sp/hard/crt0.o
 .ARM.attributes
                0x00000000       0x20 d:/stm32_ide/tools/compiler/bin/../lib/gcc/arm-none-eabi/6.3.1/../../../../arm-none-eabi/lib/thumb/v7e-m/fpv4-sp/hard/crt0.o
 .group         0x00000000        0x8 Drivers/STM32F4xx_HAL_Driver/Src/stm32f4xx_hal.o
 .group         0x00000000        0x8 Drivers/STM32F4xx_HAL_Driver/Src/stm32f4xx_hal.o
 .group         0x00000000        0x8 Drivers/STM32F4xx_HAL_Driver/Src/stm32f4xx_hal.o
 .group         0x00000000        0x8 Drivers/STM32F4xx_HAL_Driver/Src/stm32f4xx_hal.o
 .group         0x00000000        0x8 Drivers/STM32F4xx_HAL_Driver/Src/stm32f4xx_hal.o
 .group         0x00000000        0x8 Drivers/STM32F4xx_HAL_Driver/Src/stm32f4xx_hal.o
 .group         0x00000000        0x8 Drivers/STM32F4xx_HAL_Driver/Src/stm32f4xx_hal.o
 .group         0x00000000        0x8 Drivers/STM32F4xx_HAL_Driver/Src/stm32f4xx_hal.o
 .group         0x00000000        0x8 Drivers/STM32F4xx_HAL_Driver/Src/stm32f4xx_hal.o
 .group         0x00000000        0x8 Drivers/STM32F4xx_HAL_Driver/Src/stm32f4xx_hal.o
 .group         0x00000000        0x8 Drivers/STM32F4xx_HAL_Driver/Src/stm32f4xx_hal.o
 .group         0x00000000        0x8 Drivers/STM32F4xx_HAL_Driver/Src/stm32f4xx_hal.o
 .group         0x00000000        0x8 Drivers/STM32F4xx_HAL_Driver/Src/stm32f4xx_hal.o
 .group         0x00000000        0x8 Drivers/STM32F4xx_HAL_Driver/Src/stm32f4xx_hal.o
[...]
Memory Configuration

Name             Origin             Length             Attributes
RAM              0x20000000         0x00030000         xrw
CCMRAM           0x10000000         0x00010000         rw
FLASH            0x08000000         0x00200000         xr
*default*        0x00000000         0xffffffff

Linker script and memory map

LOAD d:/stm32_ide/tools/compiler/bin/../lib/gcc/arm-none-eabi/6.3.1/thumb/v7e-m/fpv4-sp/hard/crti.o
LOAD d:/stm32_ide/tools/compiler/bin/../lib/gcc/arm-none-eabi/6.3.1/thumb/v7e-m/fpv4-sp/hard/crtbegin.o
LOAD d:/stm32_ide/tools/compiler/bin/../lib/gcc/arm-none-eabi/6.3.1/../../../../arm-none-eabi/lib/thumb/v7e-m/fpv4-sp/hard/crt0.o
LOAD Drivers/STM32F4xx_HAL_Driver/Src/stm32f4xx_hal.o
LOAD Drivers/STM32F4xx_HAL_Driver/Src/stm32f4xx_hal_cortex.o
LOAD Drivers/STM32F4xx_HAL_Driver/Src/stm32f4xx_hal_dma.o
LOAD Drivers/STM32F4xx_HAL_Driver/Src/stm32f4xx_hal_dma_ex.o
LOAD Drivers/STM32F4xx_HAL_Driver/Src/stm32f4xx_hal_flash.o
LOAD Drivers/STM32F4xx_HAL_Driver/Src/stm32f4xx_hal_flash_ex.o
LOAD Drivers/STM32F4xx_HAL_Driver/Src/stm32f4xx_hal_flash_ramfunc.o
LOAD Drivers/STM32F4xx_HAL_Driver/Src/stm32f4xx_hal_gpio.o
LOAD Drivers/STM32F4xx_HAL_Driver/Src/stm32f4xx_hal_pwr.o
LOAD Drivers/STM32F4xx_HAL_Driver/Src/stm32f4xx_hal_pwr_ex.o
LOAD Drivers/STM32F4xx_HAL_Driver/Src/stm32f4xx_hal_rcc.o
LOAD Drivers/STM32F4xx_HAL_Driver/Src/stm32f4xx_hal_rcc_ex.o
LOAD Drivers/STM32F4xx_HAL_Driver/Src/stm32f4xx_hal_spi.o
LOAD Drivers/STM32F4xx_HAL_Driver/Src/stm32f4xx_hal_tim.o
LOAD Drivers/STM32F4xx_HAL_Driver/Src/stm32f4xx_hal_tim_ex.o
LOAD Src/gpio.o
LOAD Src/headlights_driver.o
LOAD Src/ili9341.o
LOAD Src/main.o
LOAD Src/spi.o
LOAD Src/stm32f4xx_hal_msp.o
LOAD Src/stm32f4xx_it.o
LOAD Src/system_stm32f4xx.o
LOAD Src/tim.o
LOAD Src/tracks_driver.o
LOAD startup/startup_stm32f429xx.o
LOAD d:/stm32_ide/tools/compiler/bin/../lib/gcc/arm-none-eabi/6.3.1/../../../../arm-none-eabi/lib/thumb/v7e-m/fpv4-sp/hard\libm.a
START GROUP
LOAD d:/stm32_ide/tools/compiler/bin/../lib/gcc/arm-none-eabi/6.3.1/thumb/v7e-m/fpv4-sp/hard\libgcc.a
LOAD d:/stm32_ide/tools/compiler/bin/../lib/gcc/arm-none-eabi/6.3.1/../../../../arm-none-eabi/lib/thumb/v7e-m/fpv4-sp/hard\libc_nano.a
END GROUP
START GROUP
LOAD d:/stm32_ide/tools/compiler/bin/../lib/gcc/arm-none-eabi/6.3.1/thumb/v7e-m/fpv4-sp/hard\libgcc.a
LOAD d:/stm32_ide/tools/compiler/bin/../lib/gcc/arm-none-eabi/6.3.1/../../../../arm-none-eabi/lib/thumb/v7e-m/fpv4-sp/hard\libc_nano.a
LOAD d:/stm32_ide/tools/compiler/bin/../lib/gcc/arm-none-eabi/6.3.1/../../../../arm-none-eabi/lib/thumb/v7e-m/fpv4-sp/hard\libnosys.a
END GROUP
START GROUP
LOAD d:/stm32_ide/tools/compiler/bin/../lib/gcc/arm-none-eabi/6.3.1/thumb/v7e-m/fpv4-sp/hard\libgcc.a
LOAD d:/stm32_ide/tools/compiler/bin/../lib/gcc/arm-none-eabi/6.3.1/../../../../arm-none-eabi/lib/thumb/v7e-m/fpv4-sp/hard\libc_nano.a
LOAD d:/stm32_ide/tools/compiler/bin/../lib/gcc/arm-none-eabi/6.3.1/../../../../arm-none-eabi/lib/thumb/v7e-m/fpv4-sp/hard\libnosys.a
END GROUP
LOAD d:/stm32_ide/tools/compiler/bin/../lib/gcc/arm-none-eabi/6.3.1/thumb/v7e-m/fpv4-sp/hard/crtend.o
LOAD d:/stm32_ide/tools/compiler/bin/../lib/gcc/arm-none-eabi/6.3.1/thumb/v7e-m/fpv4-sp/hard/crtn.o
                0x20030000                _estack = 0x20030000
                0x00000200                _Min_Heap_Size = 0x200
                0x00000400                _Min_Stack_Size = 0x400

.isr_vector     0x08000000      0x1ac
                0x08000000                . = ALIGN (0x4)
 *(.isr_vector)
 .isr_vector    0x08000000      0x1ac startup/startup_stm32f429xx.o
                0x08000000                g_pfnVectors
                0x080001ac                . = ALIGN (0x4)

.text           0x080001ac     0x3080
                0x080001ac                . = ALIGN (0x4)
 *(.text)
 .text          0x080001ac       0x6c d:/stm32_ide/tools/compiler/bin/../lib/gcc/arm-none-eabi/6.3.1/thumb/v7e-m/fpv4-sp/hard/crtbegin.o
 *(.text*)
 .text.HAL_InitTick
                0x08000218       0x2c Drivers/STM32F4xx_HAL_Driver/Src/stm32f4xx_hal.o
                0x08000218                HAL_InitTick
 .text.HAL_Init
                0x08000244       0x34 Drivers/STM32F4xx_HAL_Driver/Src/stm32f4xx_hal.o
                0x08000244                HAL_Init
 .text.HAL_IncTick
                0x08000278       0x10 Drivers/STM32F4xx_HAL_Driver/Src/stm32f4xx_hal.o
                0x08000278                HAL_IncTick
 .text.HAL_GetTick
                0x08000288        0xc Drivers/STM32F4xx_HAL_Driver/Src/stm32f4xx_hal.o
                0x08000288                HAL_GetTick
 .text.HAL_Delay
                0x08000294       0x1c Drivers/STM32F4xx_HAL_Driver/Src/stm32f4xx_hal.o
                0x08000294                HAL_Delay
 .text.HAL_NVIC_SetPriorityGrouping
                0x080002b0       0x24 Drivers/STM32F4xx_HAL_Driver/Src/stm32f4xx_hal_cortex.o
                0x080002b0                HAL_NVIC_SetPriorityGrouping
 .text.HAL_NVIC_SetPriority
                0x080002d4       0x64 Drivers/STM32F4xx_HAL_Driver/Src/stm32f4xx_hal_cortex.o
                0x080002d4                HAL_NVIC_SetPriority
 .text.HAL_NVIC_EnableIRQ
                0x08000338       0x18 Drivers/STM32F4xx_HAL_Driver/Src/stm32f4xx_hal_cortex.o
                0x08000338                HAL_NVIC_EnableIRQ
 .text.HAL_SYSTICK_Config
                0x08000350       0x2c Drivers/STM32F4xx_HAL_Driver/Src/stm32f4xx_hal_cortex.o
                0x08000350                HAL_SYSTICK_Config
 .text.HAL_SYSTICK_CLKSourceConfig
                0x0800037c       0x20 Drivers/STM32F4xx_HAL_Driver/Src/stm32f4xx_hal_cortex.o
                0x0800037c                HAL_SYSTICK_CLKSourceConfig
 .text.HAL_SYSTICK_Callback
                0x0800039c        0x2 Drivers/STM32F4xx_HAL_Driver/Src/stm32f4xx_hal_cortex.o
                0x0800039c                HAL_SYSTICK_Callback
 .text.HAL_SYSTICK_IRQHandler
                0x0800039e        0x8 Drivers/STM32F4xx_HAL_Driver/Src/stm32f4xx_hal_cortex.o
                0x0800039e                HAL_SYSTICK_IRQHandler
 .text.HAL_DMA_Abort_IT
                0x080003a6       0x26 Drivers/STM32F4xx_HAL_Driver/Src/stm32f4xx_hal_dma.o
                0x080003a6                HAL_DMA_Abort_IT
 .text.HAL_GPIO_Init
                0x080003cc      0x1e4 Drivers/STM32F4xx_HAL_Driver/Src/stm32f4xx_hal_gpio.o
                0x080003cc                HAL_GPIO_Init
 .text.HAL_GPIO_WritePin
                0x080005b0        0xc Drivers/STM32F4xx_HAL_Driver/Src/stm32f4xx_hal_gpio.o
                0x080005b0                HAL_GPIO_WritePin
 .text.HAL_GPIO_TogglePin
                0x080005bc        0x8 Drivers/STM32F4xx_HAL_Driver/Src/stm32f4xx_hal_gpio.o
                0x080005bc                HAL_GPIO_TogglePin
 .text.HAL_PWREx_EnableOverDrive
                0x080005c4       0xa0 Drivers/STM32F4xx_HAL_Driver/Src/stm32f4xx_hal_pwr_ex.o
                0x080005c4                HAL_PWREx_EnableOverDrive
 .text.HAL_RCC_OscConfig
                0x08000664      0x344 Drivers/STM32F4xx_HAL_Driver/Src/stm32f4xx_hal_rcc.o
                0x08000664                HAL_RCC_OscConfig
 .text.HAL_RCC_GetSysClockFreq
                0x080009a8       0x94 Drivers/STM32F4xx_HAL_Driver/Src/stm32f4xx_hal_rcc.o
                0x080009a8                HAL_RCC_GetSysClockFreq
 .text.HAL_RCC_ClockConfig
                0x08000a3c      0x19c Drivers/STM32F4xx_HAL_Driver/Src/stm32f4xx_hal_rcc.o
                0x08000a3c                HAL_RCC_ClockConfig
 .text.HAL_RCC_GetHCLKFreq
                0x08000bd8        0xc Drivers/STM32F4xx_HAL_Driver/Src/stm32f4xx_hal_rcc.o
                0x08000bd8                HAL_RCC_GetHCLKFreq
 .text.SPI_WaitFlagStateUntilTimeout
                0x08000be4       0x96 Drivers/STM32F4xx_HAL_Driver/Src/stm32f4xx_hal_spi.o
 .text.SPI_CheckFlag_BSY
                0x08000c7a       0x26 Drivers/STM32F4xx_HAL_Driver/Src/stm32f4xx_hal_spi.o
 .text.HAL_SPI_Init
                0x08000ca0       0x80 Drivers/STM32F4xx_HAL_Driver/Src/stm32f4xx_hal_spi.o
                0x08000ca0                HAL_SPI_Init
 .text.HAL_SPI_Transmit
                0x08000d20      0x1ac Drivers/STM32F4xx_HAL_Driver/Src/stm32f4xx_hal_spi.o
                0x08000d20                HAL_SPI_Transmit
 .text.HAL_SPI_TransmitReceive_IT
                0x08000ecc       0xcc Drivers/STM32F4xx_HAL_Driver/Src/stm32f4xx_hal_spi.o
                0x08000ecc                HAL_SPI_TransmitReceive_IT
 .text.HAL_SPI_Receive_IT
                0x08000f98       0xbc Drivers/STM32F4xx_HAL_Driver/Src/stm32f4xx_hal_spi.o
                0x08000f98                HAL_SPI_Receive_IT
 .text.HAL_SPI_TxRxCpltCallback
                0x08001054        0x2 Drivers/STM32F4xx_HAL_Driver/Src/stm32f4xx_hal_spi.o
                0x08001054                HAL_SPI_TxRxCpltCallback
 .text.HAL_SPI_ErrorCallback
                0x08001056        0x2 Drivers/STM32F4xx_HAL_Driver/Src/stm32f4xx_hal_spi.o
                0x08001056                HAL_SPI_ErrorCallback
 .text.SPI_CloseRx_ISR
                0x08001058       0x5c Drivers/STM32F4xx_HAL_Driver/Src/stm32f4xx_hal_spi.o
 .text.SPI_RxISR_8BIT
                0x080010b4       0x26 Drivers/STM32F4xx_HAL_Driver/Src/stm32f4xx_hal_spi.o
 .text.SPI_RxISR_16BIT
                0x080010da       0x28 Drivers/STM32F4xx_HAL_Driver/Src/stm32f4xx_hal_spi.o
 *fill*         0x08001102        0x2 
 .text.SPI_CloseRxTx_ISR
                0x08001104       0xac Drivers/STM32F4xx_HAL_Driver/Src/stm32f4xx_hal_spi.o
 .text.SPI_2linesTxISR_8BIT
                0x080011b0       0x36 Drivers/STM32F4xx_HAL_Driver/Src/stm32f4xx_hal_spi.o
 .text.SPI_2linesRxISR_8BIT
                0x080011e6       0x36 Drivers/STM32F4xx_HAL_Driver/Src/stm32f4xx_hal_spi.o
 .text.SPI_2linesTxISR_16BIT
                0x0800121c       0x38 Drivers/STM32F4xx_HAL_Driver/Src/stm32f4xx_hal_spi.o
 .text.SPI_2linesRxISR_16BIT
                0x08001254       0x38 Drivers/STM32F4xx_HAL_Driver/Src/stm32f4xx_hal_spi.o
 .text.HAL_SPI_IRQHandler
                0x0800128c      0x104 Drivers/STM32F4xx_HAL_Driver/Src/stm32f4xx_hal_spi.o
                0x0800128c                HAL_SPI_IRQHandler
 .text.SPI_DMAAbortOnError
                0x08001390       0x10 Drivers/STM32F4xx_HAL_Driver/Src/stm32f4xx_hal_spi.o
 .text.TIM_OC1_SetConfig
                0x080013a0       0x64 Drivers/STM32F4xx_HAL_Driver/Src/stm32f4xx_hal_tim.o
 .text.TIM_OC3_SetConfig
                0x08001404       0x6c Drivers/STM32F4xx_HAL_Driver/Src/stm32f4xx_hal_tim.o
 .text.TIM_OC4_SetConfig
                0x08001470       0x5c Drivers/STM32F4xx_HAL_Driver/Src/stm32f4xx_hal_tim.o
 .text.TIM_TI1_ConfigInputStage
                0x080014cc       0x26 Drivers/STM32F4xx_HAL_Driver/Src/stm32f4xx_hal_tim.o
 .text.TIM_TI2_ConfigInputStage
                0x080014f2       0x28 Drivers/STM32F4xx_HAL_Driver/Src/stm32f4xx_hal_tim.o
 .text.TIM_ITRx_SetConfig
                0x0800151a       0x10 Drivers/STM32F4xx_HAL_Driver/Src/stm32f4xx_hal_tim.o
 .text.TIM_ETR_SetConfig
                0x0800152a       0x18 Drivers/STM32F4xx_HAL_Driver/Src/stm32f4xx_hal_tim.o
 .text.HAL_TIM_Base_Start
                0x08001542       0x1a Drivers/STM32F4xx_HAL_Driver/Src/stm32f4xx_hal_tim.o
                0x08001542                HAL_TIM_Base_Start
 .text.HAL_TIM_PWM_MspInit
                0x0800155c        0x2 Drivers/STM32F4xx_HAL_Driver/Src/stm32f4xx_hal_tim.o
                0x0800155c                HAL_TIM_PWM_MspInit
 .text.HAL_TIM_ConfigClockSource
                0x0800155e      0x108 Drivers/STM32F4xx_HAL_Driver/Src/stm32f4xx_hal_tim.o
                0x0800155e                HAL_TIM_ConfigClockSource
 *fill*         0x08001666        0x2 
 .text.TIM_Base_SetConfig
                0x08001668      0x11c Drivers/STM32F4xx_HAL_Driver/Src/stm32f4xx_hal_tim.o
                0x08001668                TIM_Base_SetConfig
 .text.HAL_TIM_Base_Init
                0x08001784       0x32 Drivers/STM32F4xx_HAL_Driver/Src/stm32f4xx_hal_tim.o
                0x08001784                HAL_TIM_Base_Init
 .text.HAL_TIM_PWM_Init
                0x080017b6       0x32 Drivers/STM32F4xx_HAL_Driver/Src/stm32f4xx_hal_tim.o
                0x080017b6                HAL_TIM_PWM_Init
 .text.TIM_OC2_SetConfig
                0x080017e8       0x70 Drivers/STM32F4xx_HAL_Driver/Src/stm32f4xx_hal_tim.o
                0x080017e8                TIM_OC2_SetConfig
 .text.HAL_TIM_PWM_ConfigChannel
                0x08001858       0xdc Drivers/STM32F4xx_HAL_Driver/Src/stm32f4xx_hal_tim.o
                0x08001858                HAL_TIM_PWM_ConfigChannel
 .text.TIM_CCxChannelCmd
                0x08001934       0x1e Drivers/STM32F4xx_HAL_Driver/Src/stm32f4xx_hal_tim.o
                0x08001934                TIM_CCxChannelCmd
 *fill*         0x08001952        0x2 
 .text.HAL_TIM_PWM_Start
                0x08001954       0x44 Drivers/STM32F4xx_HAL_Driver/Src/stm32f4xx_hal_tim.o
                0x08001954                HAL_TIM_PWM_Start
 .text.HAL_TIMEx_MasterConfigSynchronization
                0x08001998       0x52 Drivers/STM32F4xx_HAL_Driver/Src/stm32f4xx_hal_tim_ex.o
                0x08001998                HAL_TIMEx_MasterConfigSynchronization
 *fill*         0x080019ea        0x2 
 .text.MX_GPIO_Init
                0x080019ec      0x3ac Src/gpio.o
                0x080019ec                MX_GPIO_Init
 .text.light_control_check
                0x08001d98       0xd0 Src/headlights_driver.o
                0x08001d98                light_control_check
 .text.TFT_write
                0x08001e68       0x48 Src/ili9341.o
                0x08001e68                TFT_write
 .text.TFT_write_word
                0x08001eb0       0x60 Src/ili9341.o
                0x08001eb0                TFT_write_word
 .text.TFT_on_off
                0x08001f10       0x1c Src/ili9341.o
                0x08001f10                TFT_on_off
 .text.TFT_set_rotation
                0x08001f2c       0x74 Src/ili9341.o
                0x08001f2c                TFT_set_rotation
 .text.TFT_init
                0x08001fa0      0x304 Src/ili9341.o
                0x08001fa0                TFT_init
 .text.TFT_set_display_window
                0x080022a4       0x44 Src/ili9341.o
                0x080022a4                TFT_set_display_window
 .text.TFT_fill
                0x080022e8       0x34 Src/ili9341.o
                0x080022e8                TFT_fill
 .text.Draw_Font_Pixel
                0x0800231c       0x34 Src/ili9341.o
                0x0800231c                Draw_Font_Pixel
 .text.print_char
                0x08002350       0x88 Src/ili9341.o
                0x08002350                print_char
 .text.print_str
                0x080023d8       0x42 Src/ili9341.o
                0x080023d8                print_str
 *fill*         0x0800241a        0x2 
 .text.Itoa     0x0800241c       0xf4 Src/ili9341.o
                0x0800241c                Itoa
 .text.display_command_header
                0x08002510       0xb4 Src/main.o
                0x08002510                display_command_header
 .text.display_command
                0x080025c4       0xb8 Src/main.o
                0x080025c4                display_command
 .text.execute_command
                0x0800267c       0xb4 Src/main.o
                0x0800267c                execute_command
 .text.HAL_SPI_RxCpltCallback
                0x08002730       0xb8 Src/main.o
                0x08002730                HAL_SPI_RxCpltCallback
 .text.Error_Handler
                0x080027e8        0x2 Src/main.o
                0x080027e8                Error_Handler
 *fill*         0x080027ea        0x2 
 .text.SystemClock_Config
                0x080027ec       0xc0 Src/main.o
                0x080027ec                SystemClock_Config
 .text.main     0x080028ac       0xac Src/main.o
                0x080028ac                main
 .text.MX_SPI4_Init
                0x08002958       0x3c Src/spi.o
                0x08002958                MX_SPI4_Init
 .text.MX_SPI5_Init
                0x08002994       0x44 Src/spi.o
                0x08002994                MX_SPI5_Init
 .text.HAL_SPI_MspInit
                0x080029d8       0xa4 Src/spi.o
                0x080029d8                HAL_SPI_MspInit
 .text.HAL_MspInit
                0x08002a7c       0x5e Src/stm32f4xx_hal_msp.o
                0x08002a7c                HAL_MspInit
 .text.SysTick_Handler
                0x08002ada        0xc Src/stm32f4xx_it.o
                0x08002ada                SysTick_Handler
 *fill*         0x08002ae6        0x2 
 .text.SPI4_IRQHandler
                0x08002ae8       0x10 Src/stm32f4xx_it.o
                0x08002ae8                SPI4_IRQHandler
 .text.SystemInit
                0x08002af8       0x4c Src/system_stm32f4xx.o
                0x08002af8                SystemInit
 .text.HAL_TIM_Base_MspInit
                0x08002b44       0x30 Src/tim.o
                0x08002b44                HAL_TIM_Base_MspInit
 .text.HAL_TIM_MspPostInit
                0x08002b74       0x38 Src/tim.o
                0x08002b74                HAL_TIM_MspPostInit
 .text.MX_TIM4_Init
                0x08002bac       0xd4 Src/tim.o
                0x08002bac                MX_TIM4_Init
 .text.set_fl_track_dc
                0x08002c80       0x14 Src/tracks_driver.o
                0x08002c80                set_fl_track_dc
 .text.set_fr_track_dc
                0x08002c94       0x14 Src/tracks_driver.o
                0x08002c94                set_fr_track_dc
 .text.set_rl_track_dc
                0x08002ca8       0x14 Src/tracks_driver.o
                0x08002ca8                set_rl_track_dc
 .text.set_rr_track_dc
                0x08002cbc       0x14 Src/tracks_driver.o
                0x08002cbc                set_rr_track_dc
 .text.set_fl_track_direction_forward
                0x08002cd0       0x28 Src/tracks_driver.o
                0x08002cd0                set_fl_track_direction_forward
 .text.set_fl_track_direction_backward
                0x08002cf8       0x28 Src/tracks_driver.o
                0x08002cf8                set_fl_track_direction_backward
 .text.set_fl_track_direction_none
                0x08002d20       0x28 Src/tracks_driver.o
                0x08002d20                set_fl_track_direction_none
 .text.set_fr_track_direction_forward
                0x08002d48       0x28 Src/tracks_driver.o
                0x08002d48                set_fr_track_direction_forward
 .text.set_fr_track_direction_backward
                0x08002d70       0x28 Src/tracks_driver.o
                0x08002d70                set_fr_track_direction_backward
 .text.set_fr_track_direction_none
                0x08002d98       0x28 Src/tracks_driver.o
                0x08002d98                set_fr_track_direction_none
 .text.set_rl_track_direction_forward
                0x08002dc0       0x28 Src/tracks_driver.o
                0x08002dc0                set_rl_track_direction_forward
 .text.set_rl_track_direction_backward
                0x08002de8       0x28 Src/tracks_driver.o
                0x08002de8                set_rl_track_direction_backward
 .text.set_rl_track_direction_none
                0x08002e10       0x28 Src/tracks_driver.o
                0x08002e10                set_rl_track_direction_none
 .text.set_rr_track_direction_forward
                0x08002e38       0x2c Src/tracks_driver.o
                0x08002e38                set_rr_track_direction_forward
 .text.set_rr_track_direction_backward
                0x08002e64       0x2c Src/tracks_driver.o
                0x08002e64                set_rr_track_direction_backward
 .text.set_rr_track_direction_none
                0x08002e90       0x2c Src/tracks_driver.o
                0x08002e90                set_rr_track_direction_none
 .text.stop_tracks
                0x08002ebc       0x8c Src/tracks_driver.o
                0x08002ebc                stop_tracks
 .text.set_fl_track_direction
                0x08002f48       0x20 Src/tracks_driver.o
                0x08002f48                set_fl_track_direction
 .text.set_fr_track_direction
                0x08002f68       0x20 Src/tracks_driver.o
                0x08002f68                set_fr_track_direction
 .text.set_rl_track_direction
                0x08002f88       0x20 Src/tracks_driver.o
                0x08002f88                set_rl_track_direction
 .text.set_rr_track_direction
                0x08002fa8       0x20 Src/tracks_driver.o
                0x08002fa8                set_rr_track_direction
 .text.init_tracks_control
                0x08002fc8        0x8 Src/tracks_driver.o
                0x08002fc8                init_tracks_control
 .text.display_tracks_info_header
                0x08002fd0       0x9c Src/tracks_driver.o
                0x08002fd0                display_tracks_info_header
 .text.direction_itoa
                0x0800306c       0x2c Src/tracks_driver.o
                0x0800306c                direction_itoa
 .text.display_tracks_info
                0x08003098       0xe0 Src/tracks_driver.o
                0x08003098                display_tracks_info
 .text.Reset_Handler
                0x08003178       0x50 startup/startup_stm32f429xx.o
                0x08003178                Reset_Handler
 .text.Default_Handler
                0x080031c8        0x2 startup/startup_stm32f429xx.o
                0x080031c8                RTC_Alarm_IRQHandler
                0x080031c8                HASH_RNG_IRQHandler
                0x080031c8                EXTI2_IRQHandler
                0x080031c8                TIM8_CC_IRQHandler
                0x080031c8                DebugMon_Handler
                0x080031c8                UART8_IRQHandler
                0x080031c8                TIM1_CC_IRQHandler
                0x080031c8                DMA2_Stream5_IRQHandler
                0x080031c8                HardFault_Handler
                0x080031c8                DMA1_Stream5_IRQHandler
                0x080031c8                PVD_IRQHandler
                0x080031c8                SDIO_IRQHandler
                0x080031c8                TAMP_STAMP_IRQHandler
                0x080031c8                PendSV_Handler
                0x080031c8                NMI_Handler
                0x080031c8                CAN2_RX1_IRQHandler
                0x080031c8                EXTI3_IRQHandler
                0x080031c8                TIM8_TRG_COM_TIM14_IRQHandler
                0x080031c8                TIM1_UP_TIM10_IRQHandler
                0x080031c8                TIM8_UP_TIM13_IRQHandler
                0x080031c8                I2C3_ER_IRQHandler
                0x080031c8                EXTI0_IRQHandler
                0x080031c8                I2C2_EV_IRQHandler
                0x080031c8                DMA1_Stream2_IRQHandler
                0x080031c8                CAN1_RX0_IRQHandler
                0x080031c8                FPU_IRQHandler
                0x080031c8                OTG_HS_WKUP_IRQHandler
                0x080031c8                UsageFault_Handler
                0x080031c8                LTDC_ER_IRQHandler
                0x080031c8                CAN2_SCE_IRQHandler
                0x080031c8                DMA2_Stream2_IRQHandler
                0x080031c8                SPI1_IRQHandler
                0x080031c8                TIM6_DAC_IRQHandler
                0x080031c8                TIM1_BRK_TIM9_IRQHandler
                0x080031c8                DCMI_IRQHandler
                0x080031c8                CAN2_RX0_IRQHandler
                0x080031c8                DMA2_Stream3_IRQHandler
                0x080031c8                USART6_IRQHandler
                0x080031c8                USART3_IRQHandler
                0x080031c8                CAN1_RX1_IRQHandler
                0x080031c8                UART5_IRQHandler
                0x080031c8                DMA2_Stream0_IRQHandler
                0x080031c8                TIM4_IRQHandler
                0x080031c8                I2C1_EV_IRQHandler
                0x080031c8                DMA1_Stream6_IRQHandler
                0x080031c8                DMA1_Stream1_IRQHandler
                0x080031c8                UART4_IRQHandler
                0x080031c8                TIM3_IRQHandler
                0x080031c8                RCC_IRQHandler
                0x080031c8                TIM8_BRK_TIM12_IRQHandler
                0x080031c8                Default_Handler
                0x080031c8                EXTI15_10_IRQHandler
                0x080031c8                ADC_IRQHandler
                0x080031c8                DMA1_Stream7_IRQHandler
                0x080031c8                SPI5_IRQHandler
                0x080031c8                TIM7_IRQHandler
                0x080031c8                CAN2_TX_IRQHandler
                0x080031c8                TIM5_IRQHandler
                0x080031c8                DMA2_Stream7_IRQHandler
                0x080031c8                I2C3_EV_IRQHandler
                0x080031c8                EXTI9_5_IRQHandler
                0x080031c8                RTC_WKUP_IRQHandler
                0x080031c8                LTDC_IRQHandler
                0x080031c8                ETH_WKUP_IRQHandler
                0x080031c8                SPI2_IRQHandler
                0x080031c8                OTG_HS_EP1_IN_IRQHandler
                0x080031c8                MemManage_Handler
                0x080031c8                DMA1_Stream0_IRQHandler
                0x080031c8                CAN1_TX_IRQHandler
                0x080031c8                SVC_Handler
                0x080031c8                EXTI4_IRQHandler
                0x080031c8                ETH_IRQHandler
                0x080031c8                OTG_HS_EP1_OUT_IRQHandler
                0x080031c8                WWDG_IRQHandler
                0x080031c8                SPI6_IRQHandler
                0x080031c8                TIM2_IRQHandler
                0x080031c8                OTG_FS_WKUP_IRQHandler
                0x080031c8                TIM1_TRG_COM_TIM11_IRQHandler
                0x080031c8                OTG_HS_IRQHandler
                0x080031c8                DMA2D_IRQHandler
                0x080031c8                EXTI1_IRQHandler
                0x080031c8                UART7_IRQHandler
                0x080031c8                USART2_IRQHandler
                0x080031c8                I2C2_ER_IRQHandler
                0x080031c8                DMA2_Stream1_IRQHandler
                0x080031c8                CAN1_SCE_IRQHandler
                0x080031c8                FLASH_IRQHandler
                0x080031c8                DMA2_Stream4_IRQHandler
                0x080031c8                BusFault_Handler
                0x080031c8                USART1_IRQHandler
                0x080031c8                OTG_FS_IRQHandler
                0x080031c8                SPI3_IRQHandler
                0x080031c8                DMA1_Stream4_IRQHandler
                0x080031c8                I2C1_ER_IRQHandler
                0x080031c8                FMC_IRQHandler
                0x080031c8                DMA2_Stream6_IRQHandler
                0x080031c8                SAI1_IRQHandler
                0x080031c8                DMA1_Stream3_IRQHandler
 *fill*         0x080031ca        0x2 
 .text.__libc_init_array
                0x080031cc       0x48 d:/stm32_ide/tools/compiler/bin/../lib/gcc/arm-none-eabi/6.3.1/../../../../arm-none-eabi/lib/thumb/v7e-m/fpv4-sp/hard\libc_nano.a(lib_a-init.o)
                0x080031cc                __libc_init_array
 *(.glue_7)
 .glue_7        0x08003214        0x0 linker stubs
 *(.glue_7t)
 .glue_7t       0x08003214        0x0 linker stubs
 *(.eh_frame)
 .eh_frame      0x08003214        0x0 d:/stm32_ide/tools/compiler/bin/../lib/gcc/arm-none-eabi/6.3.1/thumb/v7e-m/fpv4-sp/hard/crtbegin.o
 *(.init)
 .init          0x08003214        0x4 d:/stm32_ide/tools/compiler/bin/../lib/gcc/arm-none-eabi/6.3.1/thumb/v7e-m/fpv4-sp/hard/crti.o
                0x08003214                _init
 .init          0x08003218        0x8 d:/stm32_ide/tools/compiler/bin/../lib/gcc/arm-none-eabi/6.3.1/thumb/v7e-m/fpv4-sp/hard/crtn.o
 *(.fini)
 .fini          0x08003220        0x4 d:/stm32_ide/tools/compiler/bin/../lib/gcc/arm-none-eabi/6.3.1/thumb/v7e-m/fpv4-sp/hard/crti.o
                0x08003220                _fini
 .fini          0x08003224        0x8 d:/stm32_ide/tools/compiler/bin/../lib/gcc/arm-none-eabi/6.3.1/thumb/v7e-m/fpv4-sp/hard/crtn.o
                0x0800322c                . = ALIGN (0x4)
                0x0800322c                _etext = .

.vfp11_veneer   0x0800322c        0x0
 .vfp11_veneer  0x0800322c        0x0 linker stubs

.v4_bx          0x0800322c        0x0
 .v4_bx         0x0800322c        0x0 linker stubs

.iplt           0x0800322c        0x0
 .iplt          0x0800322c        0x0 d:/stm32_ide/tools/compiler/bin/../lib/gcc/arm-none-eabi/6.3.1/thumb/v7e-m/fpv4-sp/hard/crtbegin.o

.rodata         0x0800322c      0x2e4
                0x0800322c                . = ALIGN (0x4)
 *(.rodata)
 .rodata        0x0800322c       0x10 Drivers/STM32F4xx_HAL_Driver/Src/stm32f4xx_hal_rcc.o
                0x0800322c                APBAHBPrescTable
 .rodata        0x0800323c      0x1f0 Src/ili9341.o
 *(.rodata*)
 .rodata.str1.4
                0x0800342c       0x78 Src/main.o
 .rodata.str1.4
                0x080034a4       0x6c Src/tracks_driver.o
                                 0x70 (size before relaxing)
                0x08003510                . = ALIGN (0x4)

.rel.dyn        0x08003510        0x0
 .rel.iplt      0x08003510        0x0 d:/stm32_ide/tools/compiler/bin/../lib/gcc/arm-none-eabi/6.3.1/thumb/v7e-m/fpv4-sp/hard/crtbegin.o

.ARM.extab
 *(.ARM.extab* .gnu.linkonce.armextab.*)

.ARM            0x08003510        0x0
                0x08003510                __exidx_start = .
 *(.ARM.exidx*)
                0x08003510                __exidx_end = .

.preinit_array  0x08003510        0x0
                0x08003510                PROVIDE (__preinit_array_start, .)
 *(.preinit_array*)
                0x08003510                PROVIDE (__preinit_array_end, .)

.init_array     0x08003510        0x4
                0x08003510                PROVIDE (__init_array_start, .)
 *(SORT(.init_array.*))
 *(.init_array*)
 .init_array    0x08003510        0x4 d:/stm32_ide/tools/compiler/bin/../lib/gcc/arm-none-eabi/6.3.1/thumb/v7e-m/fpv4-sp/hard/crtbegin.o
                0x08003514                PROVIDE (__init_array_end, .)

.fini_array     0x08003514        0x4
                [!provide]                PROVIDE (__fini_array_start, .)
 *(SORT(.fini_array.*))
 *(.fini_array*)
 .fini_array    0x08003514        0x4 d:/stm32_ide/tools/compiler/bin/../lib/gcc/arm-none-eabi/6.3.1/thumb/v7e-m/fpv4-sp/hard/crtbegin.o
                [!provide]                PROVIDE (__fini_array_end, .)
                0x08003518                _sidata = LOADADDR (.data)

.data           0x20000000        0x8 load address 0x08003518
                0x20000000                . = ALIGN (0x4)
                0x20000000                _sdata = .
 *(.data)
 .data          0x20000000        0x4 Src/ili9341.o
 .data          0x20000004        0x4 Src/system_stm32f4xx.o
                0x20000004                SystemCoreClock
 *(.data*)
                0x20000008                . = ALIGN (0x4)
                0x20000008                _edata = .
                0x08003520                _siccmram = LOADADDR (.ccmram)

.jcr            0x20000008        0x0 load address 0x08003520
 .jcr           0x20000008        0x0 d:/stm32_ide/tools/compiler/bin/../lib/gcc/arm-none-eabi/6.3.1/thumb/v7e-m/fpv4-sp/hard/crtbegin.o

.igot.plt       0x20000008        0x0 load address 0x08003520
 .igot.plt      0x20000008        0x0 d:/stm32_ide/tools/compiler/bin/../lib/gcc/arm-none-eabi/6.3.1/thumb/v7e-m/fpv4-sp/hard/crtbegin.o

.ccmram         0x10000000        0x0 load address 0x08003520
                0x10000000                . = ALIGN (0x4)
                0x10000000                _sccmram = .
 *(.ccmram)
 *(.ccmram*)
                0x10000000                . = ALIGN (0x4)
                0x10000000                _eccmram = .
                0x10000000                . = ALIGN (0x4)

.bss            0x20000008      0x14c
                0x20000008                _sbss = .
                0x20000008                __bss_start__ = _sbss
 *(.bss)
 .bss           0x20000008       0x1c d:/stm32_ide/tools/compiler/bin/../lib/gcc/arm-none-eabi/6.3.1/thumb/v7e-m/fpv4-sp/hard/crtbegin.o
 .bss           0x20000024       0x20 Src/ili9341.o
 .bss           0x20000044        0x4 Src/main.o
                0x20000044                spi_buffer
                0x20000046                pos
 *(.bss*)
 *(COMMON)
 COMMON         0x20000048        0x4 Drivers/STM32F4xx_HAL_Driver/Src/stm32f4xx_hal.o
                0x20000048                uwTick
 COMMON         0x2000004c        0xc Src/main.o
                0x2000004c                ipx_command
 COMMON         0x20000058       0xb0 Src/spi.o
                0x20000058                hspi5
                0x200000b0                hspi4
 COMMON         0x20000108       0x3c Src/tim.o
                0x20000108                htim4
 COMMON         0x20000144       0x10 Src/tracks_driver.o
                0x20000144                ipx_tracks
                0x20000154                . = ALIGN (0x4)
                0x20000154                _ebss = .
                0x20000154                __bss_end__ = _ebss

._user_heap_stack
                0x20000154      0x604
                0x20000158                . = ALIGN (0x8)
 *fill*         0x20000154        0x4 
                [!provide]                PROVIDE (end, .)
                [!provide]                PROVIDE (_end, .)
                0x20000358                . = (. + _Min_Heap_Size)
 *fill*         0x20000158      0x200 
                0x20000758                . = (. + _Min_Stack_Size)
 *fill*         0x20000358      0x400 
                0x20000758                . = ALIGN (0x8)

/DISCARD/
 libc.a(*)
 libm.a(*)
 libgcc.a(*)

.ARM.attributes
                0x00000000       0x30
 *(.ARM.attributes)
 .ARM.attributes
                0x00000000       0x22 d:/stm32_ide/tools/compiler/bin/../lib/gcc/arm-none-eabi/6.3.1/thumb/v7e-m/fpv4-sp/hard/crti.o
 .ARM.attributes
                0x00000022       0x34 d:/stm32_ide/tools/compiler/bin/../lib/gcc/arm-none-eabi/6.3.1/thumb/v7e-m/fpv4-sp/hard/crtbegin.o
 .ARM.attributes
                0x00000056       0x39 Drivers/STM32F4xx_HAL_Driver/Src/stm32f4xx_hal.o
 .ARM.attributes
                0x0000008f       0x39 Drivers/STM32F4xx_HAL_Driver/Src/stm32f4xx_hal_cortex.o
 .ARM.attributes
                0x000000c8       0x39 Drivers/STM32F4xx_HAL_Driver/Src/stm32f4xx_hal_dma.o
 .ARM.attributes
                0x00000101       0x39 Drivers/STM32F4xx_HAL_Driver/Src/stm32f4xx_hal_gpio.o
 .ARM.attributes
                0x0000013a       0x39 Drivers/STM32F4xx_HAL_Driver/Src/stm32f4xx_hal_pwr_ex.o
 .ARM.attributes
                0x00000173       0x39 Drivers/STM32F4xx_HAL_Driver/Src/stm32f4xx_hal_rcc.o
 .ARM.attributes
                0x000001ac       0x39 Drivers/STM32F4xx_HAL_Driver/Src/stm32f4xx_hal_spi.o
 .ARM.attributes
                0x000001e5       0x39 Drivers/STM32F4xx_HAL_Driver/Src/stm32f4xx_hal_tim.o
 .ARM.attributes
                0x0000021e       0x39 Drivers/STM32F4xx_HAL_Driver/Src/stm32f4xx_hal_tim_ex.o
 .ARM.attributes
                0x00000257       0x39 Src/gpio.o
 .ARM.attributes
                0x00000290       0x39 Src/headlights_driver.o
 .ARM.attributes
                0x000002c9       0x39 Src/ili9341.o
 .ARM.attributes
                0x00000302       0x39 Src/main.o
 .ARM.attributes
                0x0000033b       0x39 Src/spi.o
 .ARM.attributes
                0x00000374       0x39 Src/stm32f4xx_hal_msp.o
 .ARM.attributes
                0x000003ad       0x39 Src/stm32f4xx_it.o
 .ARM.attributes
                0x000003e6       0x39 Src/system_stm32f4xx.o
 .ARM.attributes
                0x0000041f       0x39 Src/tim.o
 .ARM.attributes
                0x00000458       0x39 Src/tracks_driver.o
 .ARM.attributes
                0x00000491       0x21 startup/startup_stm32f429xx.o
 .ARM.attributes
                0x000004b2       0x34 d:/stm32_ide/tools/compiler/bin/../lib/gcc/arm-none-eabi/6.3.1/../../../../arm-none-eabi/lib/thumb/v7e-m/fpv4-sp/hard\libc_nano.a(lib_a-init.o)
 .ARM.attributes
                0x000004e6       0x22 d:/stm32_ide/tools/compiler/bin/../lib/gcc/arm-none-eabi/6.3.1/thumb/v7e-m/fpv4-sp/hard/crtn.o
OUTPUT(IPX-Crawler-Driver-Board.elf elf32-littlearm)

.debug_info     0x00000000    0x1b895
 .debug_info    0x00000000     0x11da Drivers/STM32F4xx_HAL_Driver/Src/stm32f4xx_hal.o
 .debug_info    0x000011da     0x16cb Drivers/STM32F4xx_HAL_Driver/Src/stm32f4xx_hal_cortex.o
 .debug_info    0x000028a5     0x1251 Drivers/STM32F4xx_HAL_Driver/Src/stm32f4xx_hal_dma.o
 .debug_info    0x00003af6      0xf6c Drivers/STM32F4xx_HAL_Driver/Src/stm32f4xx_hal_gpio.o
 .debug_info    0x00004a62     0x1184 Drivers/STM32F4xx_HAL_Driver/Src/stm32f4xx_hal_pwr_ex.o
 .debug_info    0x00005be6     0x1500 Drivers/STM32F4xx_HAL_Driver/Src/stm32f4xx_hal_rcc.o
 .debug_info    0x000070e6     0x1f23 Drivers/STM32F4xx_HAL_Driver/Src/stm32f4xx_hal_spi.o
 .debug_info    0x00009009     0x362a Drivers/STM32F4xx_HAL_Driver/Src/stm32f4xx_hal_tim.o
 .debug_info    0x0000c633     0x1abd Drivers/STM32F4xx_HAL_Driver/Src/stm32f4xx_hal_tim_ex.o
 .debug_info    0x0000e0f0     0x10d4 Src/gpio.o
 .debug_info    0x0000f1c4      0xbe2 Src/headlights_driver.o
 .debug_info    0x0000fda6     0x275b Src/ili9341.o
 .debug_info    0x00012501     0x2393 Src/main.o
 .debug_info    0x00014894     0x152f Src/spi.o
 .debug_info    0x00015dc3      0xc50 Src/stm32f4xx_hal_msp.o
 .debug_info    0x00016a13      0xe39 Src/stm32f4xx_it.o
 .debug_info    0x0001784c      0xd16 Src/system_stm32f4xx.o
 .debug_info    0x00018562     0x1426 Src/tim.o
 .debug_info    0x00019988     0x1e6c Src/tracks_driver.o
 .debug_info    0x0001b7f4       0xa1 startup/startup_stm32f429xx.o

.debug_abbrev   0x00000000     0x3515
 .debug_abbrev  0x00000000      0x329 Drivers/STM32F4xx_HAL_Driver/Src/stm32f4xx_hal.o
 .debug_abbrev  0x00000329      0x3d4 Drivers/STM32F4xx_HAL_Driver/Src/stm32f4xx_hal_cortex.o
 .debug_abbrev  0x000006fd      0x328 Drivers/STM32F4xx_HAL_Driver/Src/stm32f4xx_hal_dma.o
 .debug_abbrev  0x00000a25      0x2a5 Drivers/STM32F4xx_HAL_Driver/Src/stm32f4xx_hal_gpio.o
 .debug_abbrev  0x00000cca      0x32d Drivers/STM32F4xx_HAL_Driver/Src/stm32f4xx_hal_pwr_ex.o
 .debug_abbrev  0x00000ff7      0x381 Drivers/STM32F4xx_HAL_Driver/Src/stm32f4xx_hal_rcc.o
 .debug_abbrev  0x00001378      0x2f0 Drivers/STM32F4xx_HAL_Driver/Src/stm32f4xx_hal_spi.o
 .debug_abbrev  0x00001668      0x2dc Drivers/STM32F4xx_HAL_Driver/Src/stm32f4xx_hal_tim.o
 .debug_abbrev  0x00001944      0x2dc Drivers/STM32F4xx_HAL_Driver/Src/stm32f4xx_hal_tim_ex.o
 .debug_abbrev  0x00001c20      0x229 Src/gpio.o
 .debug_abbrev  0x00001e49      0x232 Src/headlights_driver.o
 .debug_abbrev  0x0000207b      0x35a Src/ili9341.o
 .debug_abbrev  0x000023d5      0x321 Src/main.o
 .debug_abbrev  0x000026f6      0x26a Src/spi.o
 .debug_abbrev  0x00002960      0x209 Src/stm32f4xx_hal_msp.o
 .debug_abbrev  0x00002b69      0x207 Src/stm32f4xx_it.o
 .debug_abbrev  0x00002d70      0x216 Src/system_stm32f4xx.o
 .debug_abbrev  0x00002f86      0x27d Src/tim.o
 .debug_abbrev  0x00003203      0x300 Src/tracks_driver.o
 .debug_abbrev  0x00003503       0x12 startup/startup_stm32f429xx.o

.debug_loc      0x00000000     0x8c66
 .debug_loc     0x00000000       0xbe Drivers/STM32F4xx_HAL_Driver/Src/stm32f4xx_hal.o
 .debug_loc     0x000000be      0x5ad Drivers/STM32F4xx_HAL_Driver/Src/stm32f4xx_hal_cortex.o
 .debug_loc     0x0000066b      0xb70 Drivers/STM32F4xx_HAL_Driver/Src/stm32f4xx_hal_dma.o
 .debug_loc     0x000011db      0x3fd Drivers/STM32F4xx_HAL_Driver/Src/stm32f4xx_hal_gpio.o
 .debug_loc     0x000015d8      0x23a Drivers/STM32F4xx_HAL_Driver/Src/stm32f4xx_hal_pwr_ex.o
 .debug_loc     0x00001812      0x53b Drivers/STM32F4xx_HAL_Driver/Src/stm32f4xx_hal_rcc.o
 .debug_loc     0x00001d4d     0x1817 Drivers/STM32F4xx_HAL_Driver/Src/stm32f4xx_hal_spi.o
 .debug_loc     0x00003564     0x34bc Drivers/STM32F4xx_HAL_Driver/Src/stm32f4xx_hal_tim.o
 .debug_loc     0x00006a20      0xc5f Drivers/STM32F4xx_HAL_Driver/Src/stm32f4xx_hal_tim_ex.o
 .debug_loc     0x0000767f       0x2a Src/headlights_driver.o
 .debug_loc     0x000076a9      0xfac Src/ili9341.o
 .debug_loc     0x00008655       0x74 Src/main.o
 .debug_loc     0x000086c9       0xa6 Src/spi.o
 .debug_loc     0x0000876f      0x13e Src/system_stm32f4xx.o
 .debug_loc     0x000088ad       0x21 Src/tim.o
 .debug_loc     0x000088ce      0x398 Src/tracks_driver.o

.debug_aranges  0x00000000      0xd08
 .debug_aranges
                0x00000000       0xd0 Drivers/STM32F4xx_HAL_Driver/Src/stm32f4xx_hal.o
 .debug_aranges
                0x000000d0       0x98 Drivers/STM32F4xx_HAL_Driver/Src/stm32f4xx_hal_cortex.o
 .debug_aranges
                0x00000168       0x90 Drivers/STM32F4xx_HAL_Driver/Src/stm32f4xx_hal_dma.o
 .debug_aranges
                0x000001f8       0x58 Drivers/STM32F4xx_HAL_Driver/Src/stm32f4xx_hal_gpio.o
 .debug_aranges
                0x00000250       0x60 Drivers/STM32F4xx_HAL_Driver/Src/stm32f4xx_hal_pwr_ex.o
 .debug_aranges
                0x000002b0       0x88 Drivers/STM32F4xx_HAL_Driver/Src/stm32f4xx_hal_rcc.o
 .debug_aranges
                0x00000338      0x190 Drivers/STM32F4xx_HAL_Driver/Src/stm32f4xx_hal_spi.o
 .debug_aranges
                0x000004c8      0x368 Drivers/STM32F4xx_HAL_Driver/Src/stm32f4xx_hal_tim.o
 .debug_aranges
                0x00000830      0x140 Drivers/STM32F4xx_HAL_Driver/Src/stm32f4xx_hal_tim_ex.o
 .debug_aranges
                0x00000970       0x20 Src/gpio.o
 .debug_aranges
                0x00000990       0x20 Src/headlights_driver.o
 .debug_aranges
                0x000009b0       0xb8 Src/ili9341.o
 .debug_aranges
                0x00000a68       0x58 Src/main.o
 .debug_aranges
                0x00000ac0       0x38 Src/spi.o
 .debug_aranges
                0x00000af8       0x20 Src/stm32f4xx_hal_msp.o
 .debug_aranges
                0x00000b18       0x28 Src/stm32f4xx_it.o
 .debug_aranges
                0x00000b40       0x28 Src/system_stm32f4xx.o
 .debug_aranges
                0x00000b68       0x38 Src/tim.o
 .debug_aranges
                0x00000ba0      0x140 Src/tracks_driver.o
 .debug_aranges
                0x00000ce0       0x28 startup/startup_stm32f429xx.o

.debug_ranges   0x00000000      0xc30
 .debug_ranges  0x00000000       0xc0 Drivers/STM32F4xx_HAL_Driver/Src/stm32f4xx_hal.o
 .debug_ranges  0x000000c0       0xe8 Drivers/STM32F4xx_HAL_Driver/Src/stm32f4xx_hal_cortex.o
 .debug_ranges  0x000001a8       0x80 Drivers/STM32F4xx_HAL_Driver/Src/stm32f4xx_hal_dma.o
 .debug_ranges  0x00000228       0x48 Drivers/STM32F4xx_HAL_Driver/Src/stm32f4xx_hal_gpio.o
 .debug_ranges  0x00000270       0x50 Drivers/STM32F4xx_HAL_Driver/Src/stm32f4xx_hal_pwr_ex.o
 .debug_ranges  0x000002c0       0x78 Drivers/STM32F4xx_HAL_Driver/Src/stm32f4xx_hal_rcc.o
 .debug_ranges  0x00000338      0x180 Drivers/STM32F4xx_HAL_Driver/Src/stm32f4xx_hal_spi.o
 .debug_ranges  0x000004b8      0x358 Drivers/STM32F4xx_HAL_Driver/Src/stm32f4xx_hal_tim.o
 .debug_ranges  0x00000810      0x130 Drivers/STM32F4xx_HAL_Driver/Src/stm32f4xx_hal_tim_ex.o
 .debug_ranges  0x00000940       0x10 Src/gpio.o
 .debug_ranges  0x00000950       0x10 Src/headlights_driver.o
 .debug_ranges  0x00000960       0xa8 Src/ili9341.o
 .debug_ranges  0x00000a08       0x48 Src/main.o
 .debug_ranges  0x00000a50       0x28 Src/spi.o
 .debug_ranges  0x00000a78       0x10 Src/stm32f4xx_hal_msp.o
 .debug_ranges  0x00000a88       0x18 Src/stm32f4xx_it.o
 .debug_ranges  0x00000aa0       0x18 Src/system_stm32f4xx.o
 .debug_ranges  0x00000ab8       0x28 Src/tim.o
 .debug_ranges  0x00000ae0      0x130 Src/tracks_driver.o
 .debug_ranges  0x00000c10       0x20 startup/startup_stm32f429xx.o

.debug_macro    0x00000000    0x17c5d
 .debug_macro   0x00000000      0x367 Drivers/STM32F4xx_HAL_Driver/Src/stm32f4xx_hal.o
 .debug_macro   0x00000367      0x8c8 Drivers/STM32F4xx_HAL_Driver/Src/stm32f4xx_hal.o
 .debug_macro   0x00000c2f      0x455 Drivers/STM32F4xx_HAL_Driver/Src/stm32f4xx_hal.o
 .debug_macro   0x00001084      0x17f Drivers/STM32F4xx_HAL_Driver/Src/stm32f4xx_hal.o
 .debug_macro   0x00001203       0x31 Drivers/STM32F4xx_HAL_Driver/Src/stm32f4xx_hal.o
 .debug_macro   0x00001234       0x28 Drivers/STM32F4xx_HAL_Driver/Src/stm32f4xx_hal.o
 .debug_macro   0x0000125c       0x22 Drivers/STM32F4xx_HAL_Driver/Src/stm32f4xx_hal.o
 .debug_macro   0x0000127e       0x87 Drivers/STM32F4xx_HAL_Driver/Src/stm32f4xx_hal.o
 .debug_macro   0x00001305       0x51 Drivers/STM32F4xx_HAL_Driver/Src/stm32f4xx_hal.o
 .debug_macro   0x00001356       0xef Drivers/STM32F4xx_HAL_Driver/Src/stm32f4xx_hal.o
 .debug_macro   0x00001445       0x6a Drivers/STM32F4xx_HAL_Driver/Src/stm32f4xx_hal.o
 .debug_macro   0x000014af      0x1df Drivers/STM32F4xx_HAL_Driver/Src/stm32f4xx_hal.o
 .debug_macro   0x0000168e       0x35 Drivers/STM32F4xx_HAL_Driver/Src/stm32f4xx_hal.o
 .debug_macro   0x000016c3       0x50 Drivers/STM32F4xx_HAL_Driver/Src/stm32f4xx_hal.o
 .debug_macro   0x00001713      0xe66 Drivers/STM32F4xx_HAL_Driver/Src/stm32f4xx_hal.o
 .debug_macro   0x00002579     0xa373 Drivers/STM32F4xx_HAL_Driver/Src/stm32f4xx_hal.o
 .debug_macro   0x0000c8ec       0x43 Drivers/STM32F4xx_HAL_Driver/Src/stm32f4xx_hal.o
 .debug_macro   0x0000c92f     0x34ef Drivers/STM32F4xx_HAL_Driver/Src/stm32f4xx_hal.o
 .debug_macro   0x0000fe1e       0x58 Drivers/STM32F4xx_HAL_Driver/Src/stm32f4xx_hal.o
 .debug_macro   0x0000fe76       0x35 Drivers/STM32F4xx_HAL_Driver/Src/stm32f4xx_hal.o
 .debug_macro   0x0000feab       0x9c Drivers/STM32F4xx_HAL_Driver/Src/stm32f4xx_hal.o
 .debug_macro   0x0000ff47       0x16 Drivers/STM32F4xx_HAL_Driver/Src/stm32f4xx_hal.o
 .debug_macro   0x0000ff5d       0x97 Drivers/STM32F4xx_HAL_Driver/Src/stm32f4xx_hal.o
 .debug_macro   0x0000fff4      0x330 Drivers/STM32F4xx_HAL_Driver/Src/stm32f4xx_hal.o
 .debug_macro   0x00010324       0xfd Drivers/STM32F4xx_HAL_Driver/Src/stm32f4xx_hal.o
 .debug_macro   0x00010421       0x10 Drivers/STM32F4xx_HAL_Driver/Src/stm32f4xx_hal.o
 .debug_macro   0x00010431       0x58 Drivers/STM32F4xx_HAL_Driver/Src/stm32f4xx_hal.o
 .debug_macro   0x00010489       0x1f Drivers/STM32F4xx_HAL_Driver/Src/stm32f4xx_hal.o
 .debug_macro   0x000104a8       0x43 Drivers/STM32F4xx_HAL_Driver/Src/stm32f4xx_hal.o
 .debug_macro   0x000104eb       0x20 Drivers/STM32F4xx_HAL_Driver/Src/stm32f4xx_hal.o
 .debug_macro   0x0001050b      0x187 Drivers/STM32F4xx_HAL_Driver/Src/stm32f4xx_hal.o
 .debug_macro   0x00010692       0x10 Drivers/STM32F4xx_HAL_Driver/Src/stm32f4xx_hal.o
 .debug_macro   0x000106a2       0x1c Drivers/STM32F4xx_HAL_Driver/Src/stm32f4xx_hal.o
 .debug_macro   0x000106be       0x52 Drivers/STM32F4xx_HAL_Driver/Src/stm32f4xx_hal.o
 .debug_macro   0x00010710       0x40 Drivers/STM32F4xx_HAL_Driver/Src/stm32f4xx_hal.o
 .debug_macro   0x00010750       0x10 Drivers/STM32F4xx_HAL_Driver/Src/stm32f4xx_hal.o
 .debug_macro   0x00010760       0x40 Drivers/STM32F4xx_HAL_Driver/Src/stm32f4xx_hal.o
 .debug_macro   0x000107a0       0xd7 Drivers/STM32F4xx_HAL_Driver/Src/stm32f4xx_hal.o
 .debug_macro   0x00010877       0x16 Drivers/STM32F4xx_HAL_Driver/Src/stm32f4xx_hal.o
 .debug_macro   0x0001088d      0x18b Drivers/STM32F4xx_HAL_Driver/Src/stm32f4xx_hal.o
 .debug_macro   0x00010a18       0x50 Drivers/STM32F4xx_HAL_Driver/Src/stm32f4xx_hal.o
 .debug_macro   0x00010a68      0xc9e Drivers/STM32F4xx_HAL_Driver/Src/stm32f4xx_hal.o
 .debug_macro   0x00011706      0x9e1 Drivers/STM32F4xx_HAL_Driver/Src/stm32f4xx_hal.o
 .debug_macro   0x000120e7      0x11e Drivers/STM32F4xx_HAL_Driver/Src/stm32f4xx_hal.o
 .debug_macro   0x00012205      0x161 Drivers/STM32F4xx_HAL_Driver/Src/stm32f4xx_hal.o
 .debug_macro   0x00012366       0x27 Drivers/STM32F4xx_HAL_Driver/Src/stm32f4xx_hal.o
 .debug_macro   0x0001238d      0x287 Drivers/STM32F4xx_HAL_Driver/Src/stm32f4xx_hal.o
 .debug_macro   0x00012614       0x5f Drivers/STM32F4xx_HAL_Driver/Src/stm32f4xx_hal.o
 .debug_macro   0x00012673      0x23a Drivers/STM32F4xx_HAL_Driver/Src/stm32f4xx_hal.o
 .debug_macro   0x000128ad      0x13a Drivers/STM32F4xx_HAL_Driver/Src/stm32f4xx_hal.o
 .debug_macro   0x000129e7      0x41d Drivers/STM32F4xx_HAL_Driver/Src/stm32f4xx_hal.o
 .debug_macro   0x00012e04       0x2e Drivers/STM32F4xx_HAL_Driver/Src/stm32f4xx_hal.o
 .debug_macro   0x00012e32      0x11e Drivers/STM32F4xx_HAL_Driver/Src/stm32f4xx_hal.o
 .debug_macro   0x00012f50       0xe2 Drivers/STM32F4xx_HAL_Driver/Src/stm32f4xx_hal.o
 .debug_macro   0x00013032       0x89 Drivers/STM32F4xx_HAL_Driver/Src/stm32f4xx_hal.o
 .debug_macro   0x000130bb      0x202 Drivers/STM32F4xx_HAL_Driver/Src/stm32f4xx_hal.o
 .debug_macro   0x000132bd      0x6d9 Drivers/STM32F4xx_HAL_Driver/Src/stm32f4xx_hal.o
 .debug_macro   0x00013996       0x5b Drivers/STM32F4xx_HAL_Driver/Src/stm32f4xx_hal.o
 .debug_macro   0x000139f1      0x14d Drivers/STM32F4xx_HAL_Driver/Src/stm32f4xx_hal.o
 .debug_macro   0x00013b3e      0x12c Drivers/STM32F4xx_HAL_Driver/Src/stm32f4xx_hal.o
 .debug_macro   0x00013c6a      0x319 Drivers/STM32F4xx_HAL_Driver/Src/stm32f4xx_hal_cortex.o
 .debug_macro   0x00013f83      0x320 Drivers/STM32F4xx_HAL_Driver/Src/stm32f4xx_hal_dma.o
 .debug_macro   0x000142a3      0x351 Drivers/STM32F4xx_HAL_Driver/Src/stm32f4xx_hal_gpio.o
 .debug_macro   0x000145f4      0x331 Drivers/STM32F4xx_HAL_Driver/Src/stm32f4xx_hal_pwr_ex.o
 .debug_macro   0x00014925      0x343 Drivers/STM32F4xx_HAL_Driver/Src/stm32f4xx_hal_rcc.o
 .debug_macro   0x00014c68      0x321 Drivers/STM32F4xx_HAL_Driver/Src/stm32f4xx_hal_spi.o
 .debug_macro   0x00014f89      0x31a Drivers/STM32F4xx_HAL_Driver/Src/stm32f4xx_hal_tim.o
 .debug_macro   0x000152a3      0x319 Drivers/STM32F4xx_HAL_Driver/Src/stm32f4xx_hal_tim_ex.o
 .debug_macro   0x000155bc      0x323 Src/gpio.o
 .debug_macro   0x000158df      0x332 Src/headlights_driver.o
 .debug_macro   0x00015c11       0x40 Src/headlights_driver.o
 .debug_macro   0x00015c51      0x33a Src/ili9341.o
 .debug_macro   0x00015f8b      0x2b7 Src/ili9341.o
 .debug_macro   0x00016242      0x360 Src/main.o
 .debug_macro   0x000165a2      0x2b7 Src/main.o
 .debug_macro   0x00016859       0xca Src/main.o
 .debug_macro   0x00016923       0x46 Src/main.o
 .debug_macro   0x00016969      0x32d Src/spi.o
 .debug_macro   0x00016c96      0x319 Src/stm32f4xx_hal_msp.o
 .debug_macro   0x00016faf      0x323 Src/stm32f4xx_it.o
 .debug_macro   0x000172d2      0x31f Src/system_stm32f4xx.o
 .debug_macro   0x000175f1      0x323 Src/tim.o
 .debug_macro   0x00017914      0x349 Src/tracks_driver.o

.debug_line     0x00000000     0xc1cc
 .debug_line    0x00000000      0x923 Drivers/STM32F4xx_HAL_Driver/Src/stm32f4xx_hal.o
 .debug_line    0x00000923      0x939 Drivers/STM32F4xx_HAL_Driver/Src/stm32f4xx_hal_cortex.o
 .debug_line    0x0000125c      0xa84 Drivers/STM32F4xx_HAL_Driver/Src/stm32f4xx_hal_dma.o
 .debug_line    0x00001ce0      0x8fb Drivers/STM32F4xx_HAL_Driver/Src/stm32f4xx_hal_gpio.o
 .debug_line    0x000025db      0x8ac Drivers/STM32F4xx_HAL_Driver/Src/stm32f4xx_hal_pwr_ex.o
 .debug_line    0x00002e87      0xa33 Drivers/STM32F4xx_HAL_Driver/Src/stm32f4xx_hal_rcc.o
 .debug_line    0x000038ba     0x1025 Drivers/STM32F4xx_HAL_Driver/Src/stm32f4xx_hal_spi.o
 .debug_line    0x000048df     0x1884 Drivers/STM32F4xx_HAL_Driver/Src/stm32f4xx_hal_tim.o
 .debug_line    0x00006163      0xd3d Drivers/STM32F4xx_HAL_Driver/Src/stm32f4xx_hal_tim_ex.o
 .debug_line    0x00006ea0      0x7f8 Src/gpio.o
 .debug_line    0x00007698      0x7ad Src/headlights_driver.o
 .debug_line    0x00007e45      0xa4b Src/ili9341.o
 .debug_line    0x00008890      0x897 Src/main.o
 .debug_line    0x00009127      0x7ce Src/spi.o
 .debug_line    0x000098f5      0x75a Src/stm32f4xx_hal_msp.o
 .debug_line    0x0000a04f      0x772 Src/stm32f4xx_it.o
 .debug_line    0x0000a7c1      0x785 Src/system_stm32f4xx.o
 .debug_line    0x0000af46      0x7b7 Src/tim.o
 .debug_line    0x0000b6fd      0xa50 Src/tracks_driver.o
 .debug_line    0x0000c14d       0x7f startup/startup_stm32f429xx.o

.debug_str      0x00000000    0x79d23
 .debug_str     0x00000000    0x75acf Drivers/STM32F4xx_HAL_Driver/Src/stm32f4xx_hal.o
                              0x75e9f (size before relaxing)
 .debug_str     0x00075acf      0x388 Drivers/STM32F4xx_HAL_Driver/Src/stm32f4xx_hal_cortex.o
                              0x75cc0 (size before relaxing)
 .debug_str     0x00075e57      0x541 Drivers/STM32F4xx_HAL_Driver/Src/stm32f4xx_hal_dma.o
                              0x75813 (size before relaxing)
 .debug_str     0x00076398      0x2f2 Drivers/STM32F4xx_HAL_Driver/Src/stm32f4xx_hal_gpio.o
                              0x75699 (size before relaxing)
 .debug_str     0x0007668a      0x14d Drivers/STM32F4xx_HAL_Driver/Src/stm32f4xx_hal_pwr_ex.o
                              0x75609 (size before relaxing)
 .debug_str     0x000767d7      0x391 Drivers/STM32F4xx_HAL_Driver/Src/stm32f4xx_hal_rcc.o
                              0x75827 (size before relaxing)
 .debug_str     0x00076b68      0x637 Drivers/STM32F4xx_HAL_Driver/Src/stm32f4xx_hal_spi.o
                              0x75b74 (size before relaxing)
 .debug_str     0x0007719f      0xe82 Drivers/STM32F4xx_HAL_Driver/Src/stm32f4xx_hal_tim.o
                              0x7641c (size before relaxing)
 .debug_str     0x00078021      0x4ec Drivers/STM32F4xx_HAL_Driver/Src/stm32f4xx_hal_tim_ex.o
                              0x75cd4 (size before relaxing)
 .debug_str     0x0007850d       0x25 Src/gpio.o
                              0x7541f (size before relaxing)
 .debug_str     0x00078532      0x284 Src/headlights_driver.o
                              0x7550b (size before relaxing)
 .debug_str     0x000787b6      0xbaa Src/ili9341.o
                              0x76287 (size before relaxing)
 .debug_str     0x00079360      0x5d5 Src/main.o
                              0x77398 (size before relaxing)
 .debug_str     0x00079935       0x17 Src/spi.o
                              0x75e2c (size before relaxing)
 .debug_str     0x0007994c       0x1b Src/stm32f4xx_hal_msp.o
                              0x757c0 (size before relaxing)
 .debug_str     0x00079967       0x48 Src/stm32f4xx_it.o
                              0x756d3 (size before relaxing)
 .debug_str     0x000799af       0x5a Src/system_stm32f4xx.o
                              0x75403 (size before relaxing)
 .debug_str     0x00079a09       0x44 Src/tim.o
                              0x75a15 (size before relaxing)
 .debug_str     0x00079a4d      0x2d6 Src/tracks_driver.o
                              0x76859 (size before relaxing)

.comment        0x00000000       0x7f
 .comment       0x00000000       0x7f Drivers/STM32F4xx_HAL_Driver/Src/stm32f4xx_hal.o
                                 0x80 (size before relaxing)
 .comment       0x0000007f       0x80 Drivers/STM32F4xx_HAL_Driver/Src/stm32f4xx_hal_cortex.o
 .comment       0x0000007f       0x80 Drivers/STM32F4xx_HAL_Driver/Src/stm32f4xx_hal_dma.o
 .comment       0x0000007f       0x80 Drivers/STM32F4xx_HAL_Driver/Src/stm32f4xx_hal_gpio.o
 .comment       0x0000007f       0x80 Drivers/STM32F4xx_HAL_Driver/Src/stm32f4xx_hal_pwr_ex.o
 .comment       0x0000007f       0x80 Drivers/STM32F4xx_HAL_Driver/Src/stm32f4xx_hal_rcc.o
 .comment       0x0000007f       0x80 Drivers/STM32F4xx_HAL_Driver/Src/stm32f4xx_hal_spi.o
 .comment       0x0000007f       0x80 Drivers/STM32F4xx_HAL_Driver/Src/stm32f4xx_hal_tim.o
 .comment       0x0000007f       0x80 Drivers/STM32F4xx_HAL_Driver/Src/stm32f4xx_hal_tim_ex.o
 .comment       0x0000007f       0x80 Src/gpio.o
 .comment       0x0000007f       0x80 Src/headlights_driver.o
 .comment       0x0000007f       0x80 Src/ili9341.o
 .comment       0x0000007f       0x80 Src/main.o
 .comment       0x0000007f       0x80 Src/spi.o
 .comment       0x0000007f       0x80 Src/stm32f4xx_hal_msp.o
 .comment       0x0000007f       0x80 Src/stm32f4xx_it.o
 .comment       0x0000007f       0x80 Src/system_stm32f4xx.o
 .comment       0x0000007f       0x80 Src/tim.o
 .comment       0x0000007f       0x80 Src/tracks_driver.o

.debug_frame    0x00000000     0x2278
 .debug_frame   0x00000000      0x1a8 Drivers/STM32F4xx_HAL_Driver/Src/stm32f4xx_hal.o
 .debug_frame   0x000001a8      0x13c Drivers/STM32F4xx_HAL_Driver/Src/stm32f4xx_hal_cortex.o
 .debug_frame   0x000002e4      0x17c Drivers/STM32F4xx_HAL_Driver/Src/stm32f4xx_hal_dma.o
 .debug_frame   0x00000460       0xd0 Drivers/STM32F4xx_HAL_Driver/Src/stm32f4xx_hal_gpio.o
 .debug_frame   0x00000530       0xf8 Drivers/STM32F4xx_HAL_Driver/Src/stm32f4xx_hal_pwr_ex.o
 .debug_frame   0x00000628      0x13c Drivers/STM32F4xx_HAL_Driver/Src/stm32f4xx_hal_rcc.o
 .debug_frame   0x00000764      0x4a8 Drivers/STM32F4xx_HAL_Driver/Src/stm32f4xx_hal_spi.o
 .debug_frame   0x00000c0c      0x9e0 Drivers/STM32F4xx_HAL_Driver/Src/stm32f4xx_hal_tim.o
 .debug_frame   0x000015ec      0x390 Drivers/STM32F4xx_HAL_Driver/Src/stm32f4xx_hal_tim_ex.o
 .debug_frame   0x0000197c       0x40 Src/gpio.o
 .debug_frame   0x000019bc       0x2c Src/headlights_driver.o
 .debug_frame   0x000019e8      0x29c Src/ili9341.o
 .debug_frame   0x00001c84       0xe8 Src/main.o
 .debug_frame   0x00001d6c       0x7c Src/spi.o
 .debug_frame   0x00001de8       0x28 Src/stm32f4xx_hal_msp.o
 .debug_frame   0x00001e10       0x40 Src/stm32f4xx_it.o
 .debug_frame   0x00001e50       0x30 Src/system_stm32f4xx.o
 .debug_frame   0x00001e80       0x74 Src/tim.o
 .debug_frame   0x00001ef4      0x358 Src/tracks_driver.o
 .debug_frame   0x0000224c       0x2c d:/stm32_ide/tools/compiler/bin/../lib/gcc/arm-none-eabi/6.3.1/../../../../arm-none-eabi/lib/thumb/v7e-m/fpv4-sp/hard\libc_nano.a(lib_a-init.o)
